In file included from xtime_l.c:49:
xtime_l.h:87:9: note: #pragma message: For the sleep routines, Global timer is being used
 #pragma message ("For the sleep routines, Global timer is being used")
         ^~~~~~~
"Running Make libs in ps7_cortexa9_0/libsrc/uartps_v3_7/src"
make -C ps7_cortexa9_0/libsrc/uartps_v3_7/src -s libs  "SHELL=CMD" "COMPILER=arm-none-eabi-gcc" "ARCHIVER=arm-none-eabi-ar" "COMPILER_FLAGS=  -O2 -c" "EXTRA_COMPILER_FLAGS=-mcpu=cortex-a9 -mfpu=vfpv3 -mfloat-abi=hard -nostartfiles -g -Wall -Wextra"
"Compiling uartps"
"Running Make libs in ps7_cortexa9_0/libsrc/usbps_v2_4/src"
make -C ps7_cortexa9_0/libsrc/usbps_v2_4/src -s libs  "SHELL=CMD" "COMPILER=arm-none-eabi-gcc" "ARCHIVER=arm-none-eabi-ar" "COMPILER_FLAGS=  -O2 -c" "EXTRA_COMPILER_FLAGS=-mcpu=cortex-a9 -mfpu=vfpv3 -mfloat-abi=hard -nostartfiles -g -Wall -Wextra"
"Compiling usbps"
"Running Make libs in ps7_cortexa9_0/libsrc/xadcps_v2_3/src"
make -C ps7_cortexa9_0/libsrc/xadcps_v2_3/src -s libs  "SHELL=CMD" "COMPILER=arm-none-eabi-gcc" "ARCHIVER=arm-none-eabi-ar" "COMPILER_FLAGS=  -O2 -c" "EXTRA_COMPILER_FLAGS=-mcpu=cortex-a9 -mfpu=vfpv3 -mfloat-abi=hard -nostartfiles -g -Wall -Wextra"
"Compiling xadcps"
'Finished building libraries'
09:29:55 **** Clean-only build of configuration Debug for project Zynq_termprj ****
make clean 
rm -rf  ./src/game.o ./src/graphics.o ./src/io.o ./src/main.o ./src/memoryfunc.o  ./src/game.d ./src/graphics.d ./src/io.d ./src/main.d ./src/memoryfunc.d  Zynq_termprj.elf.size  Zynq_termprj.elf
' '
09:29:55 **** Clean-only build of project Zynq_termprj_bsp ****
make -k clean 
make -C ps7_cortexa9_0/libsrc/bridgeio_v1_0/src -s clean 
rm: cannot lstat `*.o': Invalid argument
make[1]: *** [Makefile:26: clean] Error 1
make: *** [Makefile:33: ps7_cortexa9_0/libsrc/bridgeio_v1_0/src/make.clean] Error 2
make -C ps7_cortexa9_0/libsrc/coresightps_dcc_v1_5/src -s clean 
make -C ps7_cortexa9_0/libsrc/cpu_cortexa9_v2_7/src -s clean 
make -C ps7_cortexa9_0/libsrc/ddrps_v1_0/src -s clean 
make -C ps7_cortexa9_0/libsrc/devcfg_v3_5/src -s clean 
make -C ps7_cortexa9_0/libsrc/dmaps_v2_4/src -s clean 
make -C ps7_cortexa9_0/libsrc/emacps_v3_9/src -s clean 
make -C ps7_cortexa9_0/libsrc/gpiops_v3_5/src -s clean 
make -C ps7_cortexa9_0/libsrc/gpio_v4_4/src -s clean 
make -C ps7_cortexa9_0/libsrc/qspips_v3_6/src -s clean 
make -C ps7_cortexa9_0/libsrc/rotaryio_v1_0/src -s clean 
rm: cannot lstat `*.o': Invalid argument
make[1]: *** [Makefile:26: clean] Error 1
make: *** [Makefile:33: ps7_cortexa9_0/libsrc/rotaryio_v1_0/src/make.clean] Error 2
make -C ps7_cortexa9_0/libsrc/scugic_v4_0/src -s clean 
make -C ps7_cortexa9_0/libsrc/scutimer_v2_1/src -s clean 
make -C ps7_cortexa9_0/libsrc/scuwdt_v2_1/src -s clean 
make -C ps7_cortexa9_0/libsrc/sdps_v3_7/src -s clean 
make -C ps7_cortexa9_0/libsrc/standalone_v7_0/src -s clean 
make -C ps7_cortexa9_0/libsrc/uartps_v3_7/src -s clean 
make -C ps7_cortexa9_0/libsrc/usbps_v2_4/src -s clean 
make -C ps7_cortexa9_0/libsrc/xadcps_v2_3/src -s clean 
make: Target 'clean' not remade because of errors.
09:29:56 **** Build of project Zynq_termprj_bsp ****
make -k all 
"Running Make include in ps7_cortexa9_0/libsrc/bridgeio_v1_0/src"
make -C ps7_cortexa9_0/libsrc/bridgeio_v1_0/src -s include  "SHELL=CMD" "COMPILER=arm-none-eabi-gcc" "ARCHIVER=arm-none-eabi-ar" "COMPILER_FLAGS=  -O2 -c" "EXTRA_COMPILER_FLAGS=-mcpu=cortex-a9 -mfpu=vfpv3 -mfloat-abi=hard -nostartfiles -g -Wall -Wextra"
"Running Make include in ps7_cortexa9_0/libsrc/coresightps_dcc_v1_5/src"
make -C ps7_cortexa9_0/libsrc/coresightps_dcc_v1_5/src -s include  "SHELL=CMD" "COMPILER=arm-none-eabi-gcc" "ARCHIVER=arm-none-eabi-ar" "COMPILER_FLAGS=  -O2 -c" "EXTRA_COMPILER_FLAGS=-mcpu=cortex-a9 -mfpu=vfpv3 -mfloat-abi=hard -nostartfiles -g -Wall -Wextra"
"Running Make include in ps7_cortexa9_0/libsrc/cpu_cortexa9_v2_7/src"
make -C ps7_cortexa9_0/libsrc/cpu_cortexa9_v2_7/src -s include  "SHELL=CMD" "COMPILER=arm-none-eabi-gcc" "ARCHIVER=arm-none-eabi-ar" "COMPILER_FLAGS=  -O2 -c" "EXTRA_COMPILER_FLAGS=-mcpu=cortex-a9 -mfpu=vfpv3 -mfloat-abi=hard -nostartfiles -g -Wall -Wextra"
"Running Make include in ps7_cortexa9_0/libsrc/ddrps_v1_0/src"
make -C ps7_cortexa9_0/libsrc/ddrps_v1_0/src -s include  "SHELL=CMD" "COMPILER=arm-none-eabi-gcc" "ARCHIVER=arm-none-eabi-ar" "COMPILER_FLAGS=  -O2 -c" "EXTRA_COMPILER_FLAGS=-mcpu=cortex-a9 -mfpu=vfpv3 -mfloat-abi=hard -nostartfiles -g -Wall -Wextra"
"Running Make include in ps7_cortexa9_0/libsrc/devcfg_v3_5/src"
make -C ps7_cortexa9_0/libsrc/devcfg_v3_5/src -s include  "SHELL=CMD" "COMPILER=arm-none-eabi-gcc" "ARCHIVER=arm-none-eabi-ar" "COMPILER_FLAGS=  -O2 -c" "EXTRA_COMPILER_FLAGS=-mcpu=cortex-a9 -mfpu=vfpv3 -mfloat-abi=hard -nostartfiles -g -Wall -Wextra"
"Running Make include in ps7_cortexa9_0/libsrc/dmaps_v2_4/src"
make -C ps7_cortexa9_0/libsrc/dmaps_v2_4/src -s include  "SHELL=CMD" "COMPILER=arm-none-eabi-gcc" "ARCHIVER=arm-none-eabi-ar" "COMPILER_FLAGS=  -O2 -c" "EXTRA_COMPILER_FLAGS=-mcpu=cortex-a9 -mfpu=vfpv3 -mfloat-abi=hard -nostartfiles -g -Wall -Wextra"
"Running Make include in ps7_cortexa9_0/libsrc/emacps_v3_9/src"
make -C ps7_cortexa9_0/libsrc/emacps_v3_9/src -s include  "SHELL=CMD" "COMPILER=arm-none-eabi-gcc" "ARCHIVER=arm-none-eabi-ar" "COMPILER_FLAGS=  -O2 -c" "EXTRA_COMPILER_FLAGS=-mcpu=cortex-a9 -mfpu=vfpv3 -mfloat-abi=hard -nostartfiles -g -Wall -Wextra"
"Running Make include in ps7_cortexa9_0/libsrc/gpiops_v3_5/src"
make -C ps7_cortexa9_0/libsrc/gpiops_v3_5/src -s include  "SHELL=CMD" "COMPILER=arm-none-eabi-gcc" "ARCHIVER=arm-none-eabi-ar" "COMPILER_FLAGS=  -O2 -c" "EXTRA_COMPILER_FLAGS=-mcpu=cortex-a9 -mfpu=vfpv3 -mfloat-abi=hard -nostartfiles -g -Wall -Wextra"
"Running Make include in ps7_cortexa9_0/libsrc/gpio_v4_4/src"
make -C ps7_cortexa9_0/libsrc/gpio_v4_4/src -s include  "SHELL=CMD" "COMPILER=arm-none-eabi-gcc" "ARCHIVER=arm-none-eabi-ar" "COMPILER_FLAGS=  -O2 -c" "EXTRA_COMPILER_FLAGS=-mcpu=cortex-a9 -mfpu=vfpv3 -mfloat-abi=hard -nostartfiles -g -Wall -Wextra"
"Running Make include in ps7_cortexa9_0/libsrc/qspips_v3_6/src"
make -C ps7_cortexa9_0/libsrc/qspips_v3_6/src -s include  "SHELL=CMD" "COMPILER=arm-none-eabi-gcc" "ARCHIVER=arm-none-eabi-ar" "COMPILER_FLAGS=  -O2 -c" "EXTRA_COMPILER_FLAGS=-mcpu=cortex-a9 -mfpu=vfpv3 -mfloat-abi=hard -nostartfiles -g -Wall -Wextra"
"Running Make include in ps7_cortexa9_0/libsrc/rotaryio_v1_0/src"
make -C ps7_cortexa9_0/libsrc/rotaryio_v1_0/src -s include  "SHELL=CMD" "COMPILER=arm-none-eabi-gcc" "ARCHIVER=arm-none-eabi-ar" "COMPILER_FLAGS=  -O2 -c" "EXTRA_COMPILER_FLAGS=-mcpu=cortex-a9 -mfpu=vfpv3 -mfloat-abi=hard -nostartfiles -g -Wall -Wextra"
"Running Make include in ps7_cortexa9_0/libsrc/scugic_v4_0/src"
make -C ps7_cortexa9_0/libsrc/scugic_v4_0/src -s include  "SHELL=CMD" "COMPILER=arm-none-eabi-gcc" "ARCHIVER=arm-none-eabi-ar" "COMPILER_FLAGS=  -O2 -c" "EXTRA_COMPILER_FLAGS=-mcpu=cortex-a9 -mfpu=vfpv3 -mfloat-abi=hard -nostartfiles -g -Wall -Wextra"
"Running Make include in ps7_cortexa9_0/libsrc/scutimer_v2_1/src"
make -C ps7_cortexa9_0/libsrc/scutimer_v2_1/src -s include  "SHELL=CMD" "COMPILER=arm-none-eabi-gcc" "ARCHIVER=arm-none-eabi-ar" "COMPILER_FLAGS=  -O2 -c" "EXTRA_COMPILER_FLAGS=-mcpu=cortex-a9 -mfpu=vfpv3 -mfloat-abi=hard -nostartfiles -g -Wall -Wextra"
"Running Make include in ps7_cortexa9_0/libsrc/scuwdt_v2_1/src"
make -C ps7_cortexa9_0/libsrc/scuwdt_v2_1/src -s include  "SHELL=CMD" "COMPILER=arm-none-eabi-gcc" "ARCHIVER=arm-none-eabi-ar" "COMPILER_FLAGS=  -O2 -c" "EXTRA_COMPILER_FLAGS=-mcpu=cortex-a9 -mfpu=vfpv3 -mfloat-abi=hard -nostartfiles -g -Wall -Wextra"
"Running Make include in ps7_cortexa9_0/libsrc/sdps_v3_7/src"
make -C ps7_cortexa9_0/libsrc/sdps_v3_7/src -s include  "SHELL=CMD" "COMPILER=arm-none-eabi-gcc" "ARCHIVER=arm-none-eabi-ar" "COMPILER_FLAGS=  -O2 -c" "EXTRA_COMPILER_FLAGS=-mcpu=cortex-a9 -mfpu=vfpv3 -mfloat-abi=hard -nostartfiles -g -Wall -Wextra"
"Running Make include in ps7_cortexa9_0/libsrc/standalone_v7_0/src"
make -C ps7_cortexa9_0/libsrc/standalone_v7_0/src -s include  "SHELL=CMD" "COMPILER=arm-none-eabi-gcc" "ARCHIVER=arm-none-eabi-ar" "COMPILER_FLAGS=  -O2 -c" "EXTRA_COMPILER_FLAGS=-mcpu=cortex-a9 -mfpu=vfpv3 -mfloat-abi=hard -nostartfiles -g -Wall -Wextra"
"Running Make include in ps7_cortexa9_0/libsrc/uartps_v3_7/src"
make -C ps7_cortexa9_0/libsrc/uartps_v3_7/src -s include  "SHELL=CMD" "COMPILER=arm-none-eabi-gcc" "ARCHIVER=arm-none-eabi-ar" "COMPILER_FLAGS=  -O2 -c" "EXTRA_COMPILER_FLAGS=-mcpu=cortex-a9 -mfpu=vfpv3 -mfloat-abi=hard -nostartfiles -g -Wall -Wextra"
"Running Make include in ps7_cortexa9_0/libsrc/usbps_v2_4/src"
make -C ps7_cortexa9_0/libsrc/usbps_v2_4/src -s include  "SHELL=CMD" "COMPILER=arm-none-eabi-gcc" "ARCHIVER=arm-none-eabi-ar" "COMPILER_FLAGS=  -O2 -c" "EXTRA_COMPILER_FLAGS=-mcpu=cortex-a9 -mfpu=vfpv3 -mfloat-abi=hard -nostartfiles -g -Wall -Wextra"
"Running Make include in ps7_cortexa9_0/libsrc/xadcps_v2_3/src"
make -C ps7_cortexa9_0/libsrc/xadcps_v2_3/src -s include  "SHELL=CMD" "COMPILER=arm-none-eabi-gcc" "ARCHIVER=arm-none-eabi-ar" "COMPILER_FLAGS=  -O2 -c" "EXTRA_COMPILER_FLAGS=-mcpu=cortex-a9 -mfpu=vfpv3 -mfloat-abi=hard -nostartfiles -g -Wall -Wextra"
"Running Make libs in ps7_cortexa9_0/libsrc/bridgeio_v1_0/src"
make -C ps7_cortexa9_0/libsrc/bridgeio_v1_0/src -s libs  "SHELL=CMD" "COMPILER=arm-none-eabi-gcc" "ARCHIVER=arm-none-eabi-ar" "COMPILER_FLAGS=  -O2 -c" "EXTRA_COMPILER_FLAGS=-mcpu=cortex-a9 -mfpu=vfpv3 -mfloat-abi=hard -nostartfiles -g -Wall -Wextra"
"Compiling bridgeio..."
bridgeio_selftest.c: In function 'BRIDGEIO_Reg_SelfTest':
bridgeio_selftest.c:52:57: warning: comparison of integer expressions of different signedness: 'u32' {aka 'long unsigned int'} and 'int' [-Wsign-compare]
    if ( BRIDGEIO_mReadReg (baseaddr, read_loop_index*4) != (read_loop_index+1)*READ_WRITE_MUL_FACTOR){
                                                         ^~
bridgeio_selftest.c:36:6: warning: unused variable 'Index' [-Wunused-variable]
  int Index;
      ^~~~~
"Running Make libs in ps7_cortexa9_0/libsrc/coresightps_dcc_v1_5/src"
make -C ps7_cortexa9_0/libsrc/coresightps_dcc_v1_5/src -s libs  "SHELL=CMD" "COMPILER=arm-none-eabi-gcc" "ARCHIVER=arm-none-eabi-ar" "COMPILER_FLAGS=  -O2 -c" "EXTRA_COMPILER_FLAGS=-mcpu=cortex-a9 -mfpu=vfpv3 -mfloat-abi=hard -nostartfiles -g -Wall -Wextra"
"Compiling coresightps_dcc"
"Running Make libs in ps7_cortexa9_0/libsrc/cpu_cortexa9_v2_7/src"
make -C ps7_cortexa9_0/libsrc/cpu_cortexa9_v2_7/src -s libs  "SHELL=CMD" "COMPILER=arm-none-eabi-gcc" "ARCHIVER=arm-none-eabi-ar" "COMPILER_FLAGS=  -O2 -c" "EXTRA_COMPILER_FLAGS=-mcpu=cortex-a9 -mfpu=vfpv3 -mfloat-abi=hard -nostartfiles -g -Wall -Wextra"
"Compiling cpu_cortexa9"
"Running Make libs in ps7_cortexa9_0/libsrc/ddrps_v1_0/src"
make -C ps7_cortexa9_0/libsrc/ddrps_v1_0/src -s libs  "SHELL=CMD" "COMPILER=arm-none-eabi-gcc" "ARCHIVER=arm-none-eabi-ar" "COMPILER_FLAGS=  -O2 -c" "EXTRA_COMPILER_FLAGS=-mcpu=cortex-a9 -mfpu=vfpv3 -mfloat-abi=hard -nostartfiles -g -Wall -Wextra"
"Compiling ddrps"
"Running Make libs in ps7_cortexa9_0/libsrc/devcfg_v3_5/src"
make -C ps7_cortexa9_0/libsrc/devcfg_v3_5/src -s libs  "SHELL=CMD" "COMPILER=arm-none-eabi-gcc" "ARCHIVER=arm-none-eabi-ar" "COMPILER_FLAGS=  -O2 -c" "EXTRA_COMPILER_FLAGS=-mcpu=cortex-a9 -mfpu=vfpv3 -mfloat-abi=hard -nostartfiles -g -Wall -Wextra"
"Compiling devcfg"
"Running Make libs in ps7_cortexa9_0/libsrc/dmaps_v2_4/src"
make -C ps7_cortexa9_0/libsrc/dmaps_v2_4/src -s libs  "SHELL=CMD" "COMPILER=arm-none-eabi-gcc" "ARCHIVER=arm-none-eabi-ar" "COMPILER_FLAGS=  -O2 -c" "EXTRA_COMPILER_FLAGS=-mcpu=cortex-a9 -mfpu=vfpv3 -mfloat-abi=hard -nostartfiles -g -Wall -Wextra"
"Compiling dmaps"
"Running Make libs in ps7_cortexa9_0/libsrc/emacps_v3_9/src"
make -C ps7_cortexa9_0/libsrc/emacps_v3_9/src -s libs  "SHELL=CMD" "COMPILER=arm-none-eabi-gcc" "ARCHIVER=arm-none-eabi-ar" "COMPILER_FLAGS=  -O2 -c" "EXTRA_COMPILER_FLAGS=-mcpu=cortex-a9 -mfpu=vfpv3 -mfloat-abi=hard -nostartfiles -g -Wall -Wextra"
"Compiling emacps"
"Running Make libs in ps7_cortexa9_0/libsrc/gpiops_v3_5/src"
make -C ps7_cortexa9_0/libsrc/gpiops_v3_5/src -s libs  "SHELL=CMD" "COMPILER=arm-none-eabi-gcc" "ARCHIVER=arm-none-eabi-ar" "COMPILER_FLAGS=  -O2 -c" "EXTRA_COMPILER_FLAGS=-mcpu=cortex-a9 -mfpu=vfpv3 -mfloat-abi=hard -nostartfiles -g -Wall -Wextra"
"Compiling gpiops"
"Running Make libs in ps7_cortexa9_0/libsrc/gpio_v4_4/src"
make -C ps7_cortexa9_0/libsrc/gpio_v4_4/src -s libs  "SHELL=CMD" "COMPILER=arm-none-eabi-gcc" "ARCHIVER=arm-none-eabi-ar" "COMPILER_FLAGS=  -O2 -c" "EXTRA_COMPILER_FLAGS=-mcpu=cortex-a9 -mfpu=vfpv3 -mfloat-abi=hard -nostartfiles -g -Wall -Wextra"
"Compiling gpio"
"Running Make libs in ps7_cortexa9_0/libsrc/qspips_v3_6/src"
make -C ps7_cortexa9_0/libsrc/qspips_v3_6/src -s libs  "SHELL=CMD" "COMPILER=arm-none-eabi-gcc" "ARCHIVER=arm-none-eabi-ar" "COMPILER_FLAGS=  -O2 -c" "EXTRA_COMPILER_FLAGS=-mcpu=cortex-a9 -mfpu=vfpv3 -mfloat-abi=hard -nostartfiles -g -Wall -Wextra"
"Compiling qspips"
"Running Make libs in ps7_cortexa9_0/libsrc/rotaryio_v1_0/src"
make -C ps7_cortexa9_0/libsrc/rotaryio_v1_0/src -s libs  "SHELL=CMD" "COMPILER=arm-none-eabi-gcc" "ARCHIVER=arm-none-eabi-ar" "COMPILER_FLAGS=  -O2 -c" "EXTRA_COMPILER_FLAGS=-mcpu=cortex-a9 -mfpu=vfpv3 -mfloat-abi=hard -nostartfiles -g -Wall -Wextra"
"Compiling rotaryio..."
rotaryio_selftest.c: In function 'ROTARYIO_Reg_SelfTest':
rotaryio_selftest.c:52:57: warning: comparison of integer expressions of different signedness: 'u32' {aka 'long unsigned int'} and 'int' [-Wsign-compare]
    if ( ROTARYIO_mReadReg (baseaddr, read_loop_index*4) != (read_loop_index+1)*READ_WRITE_MUL_FACTOR){
                                                         ^~
rotaryio_selftest.c:36:6: warning: unused variable 'Index' [-Wunused-variable]
  int Index;
      ^~~~~
"Running Make libs in ps7_cortexa9_0/libsrc/scugic_v4_0/src"
make -C ps7_cortexa9_0/libsrc/scugic_v4_0/src -s libs  "SHELL=CMD" "COMPILER=arm-none-eabi-gcc" "ARCHIVER=arm-none-eabi-ar" "COMPILER_FLAGS=  -O2 -c" "EXTRA_COMPILER_FLAGS=-mcpu=cortex-a9 -mfpu=vfpv3 -mfloat-abi=hard -nostartfiles -g -Wall -Wextra"
"Compiling scugic"
"Running Make libs in ps7_cortexa9_0/libsrc/scutimer_v2_1/src"
make -C ps7_cortexa9_0/libsrc/scutimer_v2_1/src -s libs  "SHELL=CMD" "COMPILER=arm-none-eabi-gcc" "ARCHIVER=arm-none-eabi-ar" "COMPILER_FLAGS=  -O2 -c" "EXTRA_COMPILER_FLAGS=-mcpu=cortex-a9 -mfpu=vfpv3 -mfloat-abi=hard -nostartfiles -g -Wall -Wextra"
"Compiling scutimer"
"Running Make libs in ps7_cortexa9_0/libsrc/scuwdt_v2_1/src"
make -C ps7_cortexa9_0/libsrc/scuwdt_v2_1/src -s libs  "SHELL=CMD" "COMPILER=arm-none-eabi-gcc" "ARCHIVER=arm-none-eabi-ar" "COMPILER_FLAGS=  -O2 -c" "EXTRA_COMPILER_FLAGS=-mcpu=cortex-a9 -mfpu=vfpv3 -mfloat-abi=hard -nostartfiles -g -Wall -Wextra"
"Compiling scuwdt"
"Running Make libs in ps7_cortexa9_0/libsrc/sdps_v3_7/src"
make -C ps7_cortexa9_0/libsrc/sdps_v3_7/src -s libs  "SHELL=CMD" "COMPILER=arm-none-eabi-gcc" "ARCHIVER=arm-none-eabi-ar" "COMPILER_FLAGS=  -O2 -c" "EXTRA_COMPILER_FLAGS=-mcpu=cortex-a9 -mfpu=vfpv3 -mfloat-abi=hard -nostartfiles -g -Wall -Wextra"
"Compiling sdps"
"Running Make libs in ps7_cortexa9_0/libsrc/standalone_v7_0/src"
make -C ps7_cortexa9_0/libsrc/standalone_v7_0/src -s libs  "SHELL=CMD" "COMPILER=arm-none-eabi-gcc" "ARCHIVER=arm-none-eabi-ar" "COMPILER_FLAGS=  -O2 -c" "EXTRA_COMPILER_FLAGS=-mcpu=cortex-a9 -mfpu=vfpv3 -mfloat-abi=hard -nostartfiles -g -Wall -Wextra"
"Compiling standalone"
In file included from usleep.c:56:
xtime_l.h:87:9: note: #pragma message: For the sleep routines, Global timer is being used
 #pragma message ("For the sleep routines, Global timer is being used")
         ^~~~~~~
In file included from xil_sleeptimer.c:51:
xtime_l.h:87:9: note: #pragma message: For the sleep routines, Global timer is being used
 #pragma message ("For the sleep routines, Global timer is being used")
         ^~~~~~~
In file included from xtime_l.c:49:
xtime_l.h:87:9: note: #pragma message: For the sleep routines, Global timer is being used
 #pragma message ("For the sleep routines, Global timer is being used")
         ^~~~~~~
In file included from sleep.c:53:
xtime_l.h:87:9: note: #pragma message: For the sleep routines, Global timer is being used
 #pragma message ("For the sleep routines, Global timer is being used")
         ^~~~~~~
"Running Make libs in ps7_cortexa9_0/libsrc/uartps_v3_7/src"
make -C ps7_cortexa9_0/libsrc/uartps_v3_7/src -s libs  "SHELL=CMD" "COMPILER=arm-none-eabi-gcc" "ARCHIVER=arm-none-eabi-ar" "COMPILER_FLAGS=  -O2 -c" "EXTRA_COMPILER_FLAGS=-mcpu=cortex-a9 -mfpu=vfpv3 -mfloat-abi=hard -nostartfiles -g -Wall -Wextra"
"Compiling uartps"
"Running Make libs in ps7_cortexa9_0/libsrc/usbps_v2_4/src"
make -C ps7_cortexa9_0/libsrc/usbps_v2_4/src -s libs  "SHELL=CMD" "COMPILER=arm-none-eabi-gcc" "ARCHIVER=arm-none-eabi-ar" "COMPILER_FLAGS=  -O2 -c" "EXTRA_COMPILER_FLAGS=-mcpu=cortex-a9 -mfpu=vfpv3 -mfloat-abi=hard -nostartfiles -g -Wall -Wextra"
"Compiling usbps"
"Running Make libs in ps7_cortexa9_0/libsrc/xadcps_v2_3/src"
make -C ps7_cortexa9_0/libsrc/xadcps_v2_3/src -s libs  "SHELL=CMD" "COMPILER=arm-none-eabi-gcc" "ARCHIVER=arm-none-eabi-ar" "COMPILER_FLAGS=  -O2 -c" "EXTRA_COMPILER_FLAGS=-mcpu=cortex-a9 -mfpu=vfpv3 -mfloat-abi=hard -nostartfiles -g -Wall -Wextra"
"Compiling xadcps"
'Finished building libraries'
09:30:13 **** Build of configuration Debug for project Zynq_termprj ****
make pre-build main-build 
a9-linaro-pre-build-step
' '
'Building file: ../src/game.c'
'Invoking: ARM v7 gcc compiler'
arm-none-eabi-gcc -Wall -O0 -g3 -c -fmessage-length=0 -MT"src/game.o" -mcpu=cortex-a9 -mfpu=vfpv3 -mfloat-abi=hard -I../../Zynq_termprj_bsp/ps7_cortexa9_0/include -MMD -MP -MF"src/game.d" -MT"src/game.o" -o "src/game.o" "../src/game.c"
../src/game.c: In function 'maingame':
../src/game.c:358:21: warning: implicit declaration of function 'spriteXPosLSBWrite'; did you mean 'spriteAttrWrite'? [-Wimplicit-function-declaration]
                     spriteXPosLSBWrite(i*8 + j + 16, enemyList[i*48 + j*6 + 1]);
                     ^~~~~~~~~~~~~~~~~~
                     spriteAttrWrite
../src/game.c:359:21: warning: implicit declaration of function 'spriteYPosWrite'; did you mean 'spriteAttrWrite'? [-Wimplicit-function-declaration]
                     spriteYPosWrite(i*8 + j + 16, enemyList[i*48 + j*6 + 2]);
                     ^~~~~~~~~~~~~~~
                     spriteAttrWrite
'Finished building: ../src/game.c'
' '
'Building file: ../src/graphics.c'
'Invoking: ARM v7 gcc compiler'
arm-none-eabi-gcc -Wall -O0 -g3 -c -fmessage-length=0 -MT"src/graphics.o" -mcpu=cortex-a9 -mfpu=vfpv3 -mfloat-abi=hard -I../../Zynq_termprj_bsp/ps7_cortexa9_0/include -MMD -MP -MF"src/graphics.d" -MT"src/graphics.o" -o "src/graphics.o" "../src/graphics.c"
../src/graphics.c:13:19: warning: 'missle' initialized and declared 'extern'
 extern const char missle[64]  = {
                   ^~~~~~
../src/graphics.c:27:21: warning: 'ship_pal' initialized and declared 'extern'
 extern unsigned int ship_pal[16] = {
                     ^~~~~~~~
../src/graphics.c:35:27: warning: 'ship_fire_dynamic_pal' initialized and declared 'extern'
 extern const unsigned int ship_fire_dynamic_pal[16] = {
                           ^~~~~~~~~~~~~~~~~~~~~
../src/graphics.c:43:19: warning: 'shipu' initialized and declared 'extern'
 extern const char shipu[128]  = {
                   ^~~~~
../src/graphics.c:54:19: warning: 'shipd' initialized and declared 'extern'
 extern const char shipd[128] = {
                   ^~~~~
../src/graphics.c:69:21: warning: 'title_pal' initialized and declared 'extern'
 extern unsigned int title_pal[16] = {
                     ^~~~~~~~~
../src/graphics.c:76:19: warning: 'title0' initialized and declared 'extern'
 extern const char title0[2048]  = {
                   ^~~~~~
../src/graphics.c:207:19: warning: 'title1' initialized and declared 'extern'
 extern const char title1[]  = {
                   ^~~~~~
../src/graphics.c:338:19: warning: 'title2' initialized and declared 'extern'
 extern const char title2[]  = {
                   ^~~~~~
../src/graphics.c:469:19: warning: 'title3' initialized and declared 'extern'
 extern const char title3[]  = {
                   ^~~~~~
../src/graphics.c:604:27: warning: 'ene1_pal' initialized and declared 'extern'
 extern const unsigned int ene1_pal[16] = {
                           ^~~~~~~~
../src/graphics.c:611:19: warning: 'ene1_0' initialized and declared 'extern'
 extern const char ene1_0[128]  = {
                   ^~~~~~
../src/graphics.c:622:19: warning: 'ene1_1' initialized and declared 'extern'
 extern const char ene1_1[128]  = {
                   ^~~~~~
../src/graphics.c:640:27: warning: 'ene2_pal' initialized and declared 'extern'
 extern const unsigned int ene2_pal[16] = {
                           ^~~~~~~~
../src/graphics.c:647:19: warning: 'ene2_0' initialized and declared 'extern'
 extern const char ene2_0[]  = {
                   ^~~~~~
../src/graphics.c:658:19: warning: 'ene2_1' initialized and declared 'extern'
 extern const char ene2_1[]  = {
                   ^~~~~~
../src/graphics.c:675:27: warning: 'ene3_pal' initialized and declared 'extern'
 extern const unsigned int ene3_pal[16] = {
                           ^~~~~~~~
../src/graphics.c:682:19: warning: 'ene3_0' initialized and declared 'extern'
 extern const char ene3_0[128] = {
                   ^~~~~~
../src/graphics.c:693:19: warning: 'ene3_1' initialized and declared 'extern'
 extern const char ene3_1[] = {
                   ^~~~~~
../src/graphics.c:710:27: warning: 'sun_pal' initialized and declared 'extern'
 extern const unsigned int sun_pal[16] = {
                           ^~~~~~~
../src/graphics.c:717:19: warning: 'sun' initialized and declared 'extern'
 extern const char sun[2048] = {
                   ^~~
'Finished building: ../src/graphics.c'
' '
'Building file: ../src/io.c'
'Invoking: ARM v7 gcc compiler'
arm-none-eabi-gcc -Wall -O0 -g3 -c -fmessage-length=0 -MT"src/io.o" -mcpu=cortex-a9 -mfpu=vfpv3 -mfloat-abi=hard -I../../Zynq_termprj_bsp/ps7_cortexa9_0/include -MMD -MP -MF"src/io.d" -MT"src/io.o" -o "src/io.o" "../src/io.c"
'Finished building: ../src/io.c'
' '
'Building file: ../src/main.c'
'Invoking: ARM v7 gcc compiler'
arm-none-eabi-gcc -Wall -O0 -g3 -c -fmessage-length=0 -MT"src/main.o" -mcpu=cortex-a9 -mfpu=vfpv3 -mfloat-abi=hard -I../../Zynq_termprj_bsp/ps7_cortexa9_0/include -MMD -MP -MF"src/main.d" -MT"src/main.o" -o "src/main.o" "../src/main.c"
../src/main.c: In function 'main':
../src/main.c:70:21: warning: unused variable 'j' [-Wunused-variable]
     unsigned int i, j;
                     ^
'Finished building: ../src/main.c'
' '
'Building file: ../src/memoryfunc.c'
'Invoking: ARM v7 gcc compiler'
arm-none-eabi-gcc -Wall -O0 -g3 -c -fmessage-length=0 -MT"src/memoryfunc.o" -mcpu=cortex-a9 -mfpu=vfpv3 -mfloat-abi=hard -I../../Zynq_termprj_bsp/ps7_cortexa9_0/include -MMD -MP -MF"src/memoryfunc.d" -MT"src/memoryfunc.o" -o "src/memoryfunc.o" "../src/memoryfunc.c"
../src/memoryfunc.c: In function 'spriteXPosLSBWrite':
../src/memoryfunc.c:240:16: warning: unused variable 'i' [-Wunused-variable]
     int index, i;
                ^
../src/memoryfunc.c: In function 'spriteYPosWrite':
../src/memoryfunc.c:247:16: warning: unused variable 'i' [-Wunused-variable]
     int index, i;
                ^
../src/memoryfunc.c: In function 'spriteCodeLSBWrite':
../src/memoryfunc.c:254:16: warning: unused variable 'i' [-Wunused-variable]
     int index, i;
                ^
'Finished building: ../src/memoryfunc.c'
' '
'Building target: Zynq_termprj.elf'
'Invoking: ARM v7 gcc linker'
arm-none-eabi-gcc -mcpu=cortex-a9 -mfpu=vfpv3 -mfloat-abi=hard -Wl,-build-id=none -specs=Xilinx.spec -Wl,-T -Wl,../src/lscript.ld -L../../Zynq_termprj_bsp/ps7_cortexa9_0/lib -o "Zynq_termprj.elf"  ./src/game.o ./src/graphics.o ./src/io.o ./src/main.o ./src/memoryfunc.o   -Wl,--start-group,-lxil,-lgcc,-lc,--end-group
'Finished building target: Zynq_termprj.elf'
' '
'Invoking: ARM v7 Print Size'
arm-none-eabi-size Zynq_termprj.elf  |tee "Zynq_termprj.elf.size"
   text	   data	    bss	    dec	    hex	filename
  45996	   2056	  26104	  74156	  121ac	Zynq_termprj.elf
'Finished building: Zynq_termprj.elf.size'
' '
09:31:31 **** Auto Build of configuration Debug for project Zynq_termprj ****
make pre-build main-build 
a9-linaro-pre-build-step
' '
'Building file: ../src/game.c'
'Invoking: ARM v7 gcc compiler'
arm-none-eabi-gcc -Wall -O0 -g3 -c -fmessage-length=0 -MT"src/game.o" -mcpu=cortex-a9 -mfpu=vfpv3 -mfloat-abi=hard -I../../Zynq_termprj_bsp/ps7_cortexa9_0/include -MMD -MP -MF"src/game.d" -MT"src/game.o" -o "src/game.o" "../src/game.c"
'Finished building: ../src/game.c'
' '
'Building file: ../src/main.c'
'Invoking: ARM v7 gcc compiler'
arm-none-eabi-gcc -Wall -O0 -g3 -c -fmessage-length=0 -MT"src/main.o" -mcpu=cortex-a9 -mfpu=vfpv3 -mfloat-abi=hard -I../../Zynq_termprj_bsp/ps7_cortexa9_0/include -MMD -MP -MF"src/main.d" -MT"src/main.o" -o "src/main.o" "../src/main.c"
../src/main.c: In function 'main':
../src/main.c:70:21: warning: unused variable 'j' [-Wunused-variable]
     unsigned int i, j;
                     ^
'Finished building: ../src/main.c'
' '
'Building target: Zynq_termprj.elf'
'Invoking: ARM v7 gcc linker'
arm-none-eabi-gcc -mcpu=cortex-a9 -mfpu=vfpv3 -mfloat-abi=hard -Wl,-build-id=none -specs=Xilinx.spec -Wl,-T -Wl,../src/lscript.ld -L../../Zynq_termprj_bsp/ps7_cortexa9_0/lib -o "Zynq_termprj.elf"  ./src/game.o ./src/graphics.o ./src/io.o ./src/main.o ./src/memoryfunc.o   -Wl,--start-group,-lxil,-lgcc,-lc,--end-group
'Finished building target: Zynq_termprj.elf'
' '
'Invoking: ARM v7 Print Size'
arm-none-eabi-size Zynq_termprj.elf  |tee "Zynq_termprj.elf.size"
   text	   data	    bss	    dec	    hex	filename
  46020	   2056	  26104	  74180	  121c4	Zynq_termprj.elf
'Finished building: Zynq_termprj.elf.size'
' '
12:44:11 **** Incremental Build of configuration Debug for project Zynq_termprj ****
make pre-build main-build 
a9-linaro-pre-build-step
' '
make: Nothing to be done for 'main-build'.
12:48:22 **** Auto Build of configuration Debug for project Zynq_termprj ****
make pre-build main-build 
a9-linaro-pre-build-step
' '
'Building file: ../src/game.c'
'Invoking: ARM v7 gcc compiler'
arm-none-eabi-gcc -Wall -O0 -g3 -c -fmessage-length=0 -MT"src/game.o" -mcpu=cortex-a9 -mfpu=vfpv3 -mfloat-abi=hard -I../../Zynq_termprj_bsp/ps7_cortexa9_0/include -MMD -MP -MF"src/game.d" -MT"src/game.o" -o "src/game.o" "../src/game.c"
'Finished building: ../src/game.c'
' '
'Building target: Zynq_termprj.elf'
'Invoking: ARM v7 gcc linker'
arm-none-eabi-gcc -mcpu=cortex-a9 -mfpu=vfpv3 -mfloat-abi=hard -Wl,-build-id=none -specs=Xilinx.spec -Wl,-T -Wl,../src/lscript.ld -L../../Zynq_termprj_bsp/ps7_cortexa9_0/lib -o "Zynq_termprj.elf"  ./src/game.o ./src/graphics.o ./src/io.o ./src/main.o ./src/memoryfunc.o   -Wl,--start-group,-lxil,-lgcc,-lc,--end-group
'Finished building target: Zynq_termprj.elf'
' '
'Invoking: ARM v7 Print Size'
arm-none-eabi-size Zynq_termprj.elf  |tee "Zynq_termprj.elf.size"
   text	   data	    bss	    dec	    hex	filename
  45444	   2056	  26104	  73604	  11f84	Zynq_termprj.elf
'Finished building: Zynq_termprj.elf.size'
' '
12:48:25 **** Incremental Build of configuration Debug for project Zynq_termprj ****
make pre-build main-build 
a9-linaro-pre-build-step
' '
make: Nothing to be done for 'main-build'.
12:50:58 **** Auto Build of configuration Debug for project Zynq_termprj ****
make pre-build main-build 
a9-linaro-pre-build-step
' '
'Building file: ../src/game.c'
'Invoking: ARM v7 gcc compiler'
arm-none-eabi-gcc -Wall -O0 -g3 -c -fmessage-length=0 -MT"src/game.o" -mcpu=cortex-a9 -mfpu=vfpv3 -mfloat-abi=hard -I../../Zynq_termprj_bsp/ps7_cortexa9_0/include -MMD -MP -MF"src/game.d" -MT"src/game.o" -o "src/game.o" "../src/game.c"
'Finished building: ../src/game.c'
' '
'Building target: Zynq_termprj.elf'
'Invoking: ARM v7 gcc linker'
arm-none-eabi-gcc -mcpu=cortex-a9 -mfpu=vfpv3 -mfloat-abi=hard -Wl,-build-id=none -specs=Xilinx.spec -Wl,-T -Wl,../src/lscript.ld -L../../Zynq_termprj_bsp/ps7_cortexa9_0/lib -o "Zynq_termprj.elf"  ./src/game.o ./src/graphics.o ./src/io.o ./src/main.o ./src/memoryfunc.o   -Wl,--start-group,-lxil,-lgcc,-lc,--end-group
'Finished building target: Zynq_termprj.elf'
' '
'Invoking: ARM v7 Print Size'
arm-none-eabi-size Zynq_termprj.elf  |tee "Zynq_termprj.elf.size"
   text	   data	    bss	    dec	    hex	filename
  45484	   2056	  26104	  73644	  11fac	Zynq_termprj.elf
'Finished building: Zynq_termprj.elf.size'
' '
12:51:00 **** Incremental Build of configuration Debug for project Zynq_termprj ****
make pre-build main-build 
a9-linaro-pre-build-step
' '
make: Nothing to be done for 'main-build'.
12:51:51 **** Incremental Build of configuration Debug for project Zynq_termprj ****
make pre-build main-build 
a9-linaro-pre-build-step
' '
'Building file: ../src/game.c'
'Invoking: ARM v7 gcc compiler'
arm-none-eabi-gcc -Wall -O0 -g3 -c -fmessage-length=0 -MT"src/game.o" -mcpu=cortex-a9 -mfpu=vfpv3 -mfloat-abi=hard -I../../Zynq_termprj_bsp/ps7_cortexa9_0/include -MMD -MP -MF"src/game.d" -MT"src/game.o" -o "src/game.o" "../src/game.c"
'Finished building: ../src/game.c'
' '
'Building target: Zynq_termprj.elf'
'Invoking: ARM v7 gcc linker'
arm-none-eabi-gcc -mcpu=cortex-a9 -mfpu=vfpv3 -mfloat-abi=hard -Wl,-build-id=none -specs=Xilinx.spec -Wl,-T -Wl,../src/lscript.ld -L../../Zynq_termprj_bsp/ps7_cortexa9_0/lib -o "Zynq_termprj.elf"  ./src/game.o ./src/graphics.o ./src/io.o ./src/main.o ./src/memoryfunc.o   -Wl,--start-group,-lxil,-lgcc,-lc,--end-group
'Finished building target: Zynq_termprj.elf'
' '
'Invoking: ARM v7 Print Size'
arm-none-eabi-size Zynq_termprj.elf  |tee "Zynq_termprj.elf.size"
   text	   data	    bss	    dec	    hex	filename
  45500	   2056	  26104	  73660	  11fbc	Zynq_termprj.elf
'Finished building: Zynq_termprj.elf.size'
' '
12:53:11 **** Auto Build of configuration Debug for project Zynq_termprj ****
make pre-build main-build 
a9-linaro-pre-build-step
' '
'Building file: ../src/game.c'
'Invoking: ARM v7 gcc compiler'
arm-none-eabi-gcc -Wall -O0 -g3 -c -fmessage-length=0 -MT"src/game.o" -mcpu=cortex-a9 -mfpu=vfpv3 -mfloat-abi=hard -I../../Zynq_termprj_bsp/ps7_cortexa9_0/include -MMD -MP -MF"src/game.d" -MT"src/game.o" -o "src/game.o" "../src/game.c"
'Finished building: ../src/game.c'
' '
'Building target: Zynq_termprj.elf'
'Invoking: ARM v7 gcc linker'
arm-none-eabi-gcc -mcpu=cortex-a9 -mfpu=vfpv3 -mfloat-abi=hard -Wl,-build-id=none -specs=Xilinx.spec -Wl,-T -Wl,../src/lscript.ld -L../../Zynq_termprj_bsp/ps7_cortexa9_0/lib -o "Zynq_termprj.elf"  ./src/game.o ./src/graphics.o ./src/io.o ./src/main.o ./src/memoryfunc.o   -Wl,--start-group,-lxil,-lgcc,-lc,--end-group
'Finished building target: Zynq_termprj.elf'
' '
'Invoking: ARM v7 Print Size'
arm-none-eabi-size Zynq_termprj.elf  |tee "Zynq_termprj.elf.size"
   text	   data	    bss	    dec	    hex	filename
  45500	   2056	  26104	  73660	  11fbc	Zynq_termprj.elf
'Finished building: Zynq_termprj.elf.size'
' '
12:53:14 **** Incremental Build of configuration Debug for project Zynq_termprj ****
make pre-build main-build 
a9-linaro-pre-build-step
' '
make: Nothing to be done for 'main-build'.
12:55:40 **** Incremental Build of configuration Debug for project Zynq_termprj ****
make pre-build main-build 
a9-linaro-pre-build-step
' '
'Building file: ../src/game.c'
'Invoking: ARM v7 gcc compiler'
arm-none-eabi-gcc -Wall -O0 -g3 -c -fmessage-length=0 -MT"src/game.o" -mcpu=cortex-a9 -mfpu=vfpv3 -mfloat-abi=hard -I../../Zynq_termprj_bsp/ps7_cortexa9_0/include -MMD -MP -MF"src/game.d" -MT"src/game.o" -o "src/game.o" "../src/game.c"
'Finished building: ../src/game.c'
' '
'Building target: Zynq_termprj.elf'
'Invoking: ARM v7 gcc linker'
arm-none-eabi-gcc -mcpu=cortex-a9 -mfpu=vfpv3 -mfloat-abi=hard -Wl,-build-id=none -specs=Xilinx.spec -Wl,-T -Wl,../src/lscript.ld -L../../Zynq_termprj_bsp/ps7_cortexa9_0/lib -o "Zynq_termprj.elf"  ./src/game.o ./src/graphics.o ./src/io.o ./src/main.o ./src/memoryfunc.o   -Wl,--start-group,-lxil,-lgcc,-lc,--end-group
'Finished building target: Zynq_termprj.elf'
' '
'Invoking: ARM v7 Print Size'
arm-none-eabi-size Zynq_termprj.elf  |tee "Zynq_termprj.elf.size"
   text	   data	    bss	    dec	    hex	filename
  45568	   2056	  26104	  73728	  12000	Zynq_termprj.elf
'Finished building: Zynq_termprj.elf.size'
' '
13:10:24 **** Incremental Build of configuration Debug for project Zynq_termprj ****
make pre-build main-build 
a9-linaro-pre-build-step
' '
make: Nothing to be done for 'main-build'.
13:10:32 **** Incremental Build of configuration Debug for project Zynq_termprj ****
make pre-build main-build 
a9-linaro-pre-build-step
' '
make: Nothing to be done for 'main-build'.
13:12:23 **** Incremental Build of configuration Debug for project Zynq_termprj ****
make pre-build main-build 
a9-linaro-pre-build-step
' '
'Building file: ../src/game.c'
'Invoking: ARM v7 gcc compiler'
arm-none-eabi-gcc -Wall -O0 -g3 -c -fmessage-length=0 -MT"src/game.o" -mcpu=cortex-a9 -mfpu=vfpv3 -mfloat-abi=hard -I../../Zynq_termprj_bsp/ps7_cortexa9_0/include -MMD -MP -MF"src/game.d" -MT"src/game.o" -o "src/game.o" "../src/game.c"
../src/game.c: In function 'game':
../src/game.c:496:12: error: 'enemyXMax' undeclared (first use in this function); did you mean 'enemyDir'?
         if(enemyXMax > 200) {
            ^~~~~~~~~
            enemyDir
../src/game.c:496:12: note: each undeclared identifier is reported only once for each function it appears in
make: *** [src/subdir.mk:35: src/game.o] Error 1
13:13:13 **** Auto Build of configuration Debug for project Zynq_termprj ****
make pre-build main-build 
a9-linaro-pre-build-step
' '
'Building file: ../src/game.c'
'Invoking: ARM v7 gcc compiler'
arm-none-eabi-gcc -Wall -O0 -g3 -c -fmessage-length=0 -MT"src/game.o" -mcpu=cortex-a9 -mfpu=vfpv3 -mfloat-abi=hard -I../../Zynq_termprj_bsp/ps7_cortexa9_0/include -MMD -MP -MF"src/game.d" -MT"src/game.o" -o "src/game.o" "../src/game.c"
'Finished building: ../src/game.c'
' '
'Building target: Zynq_termprj.elf'
'Invoking: ARM v7 gcc linker'
arm-none-eabi-gcc -mcpu=cortex-a9 -mfpu=vfpv3 -mfloat-abi=hard -Wl,-build-id=none -specs=Xilinx.spec -Wl,-T -Wl,../src/lscript.ld -L../../Zynq_termprj_bsp/ps7_cortexa9_0/lib -o "Zynq_termprj.elf"  ./src/game.o ./src/graphics.o ./src/io.o ./src/main.o ./src/memoryfunc.o   -Wl,--start-group,-lxil,-lgcc,-lc,--end-group
'Finished building target: Zynq_termprj.elf'
' '
'Invoking: ARM v7 Print Size'
arm-none-eabi-size Zynq_termprj.elf  |tee "Zynq_termprj.elf.size"
   text	   data	    bss	    dec	    hex	filename
  45624	   2056	  26104	  73784	  12038	Zynq_termprj.elf
'Finished building: Zynq_termprj.elf.size'
' '
13:13:16 **** Incremental Build of configuration Debug for project Zynq_termprj ****
make pre-build main-build 
a9-linaro-pre-build-step
' '
make: Nothing to be done for 'main-build'.
13:18:22 **** Auto Build of configuration Debug for project Zynq_termprj ****
make pre-build main-build 
a9-linaro-pre-build-step
' '
'Building file: ../src/game.c'
'Invoking: ARM v7 gcc compiler'
arm-none-eabi-gcc -Wall -O0 -g3 -c -fmessage-length=0 -MT"src/game.o" -mcpu=cortex-a9 -mfpu=vfpv3 -mfloat-abi=hard -I../../Zynq_termprj_bsp/ps7_cortexa9_0/include -MMD -MP -MF"src/game.d" -MT"src/game.o" -o "src/game.o" "../src/game.c"
'Finished building: ../src/game.c'
' '
'Building target: Zynq_termprj.elf'
'Invoking: ARM v7 gcc linker'
arm-none-eabi-gcc -mcpu=cortex-a9 -mfpu=vfpv3 -mfloat-abi=hard -Wl,-build-id=none -specs=Xilinx.spec -Wl,-T -Wl,../src/lscript.ld -L../../Zynq_termprj_bsp/ps7_cortexa9_0/lib -o "Zynq_termprj.elf"  ./src/game.o ./src/graphics.o ./src/io.o ./src/main.o ./src/memoryfunc.o   -Wl,--start-group,-lxil,-lgcc,-lc,--end-group
'Finished building target: Zynq_termprj.elf'
' '
'Invoking: ARM v7 Print Size'
arm-none-eabi-size Zynq_termprj.elf  |tee "Zynq_termprj.elf.size"
   text	   data	    bss	    dec	    hex	filename
  45624	   2056	  26104	  73784	  12038	Zynq_termprj.elf
'Finished building: Zynq_termprj.elf.size'
' '
13:18:25 **** Incremental Build of configuration Debug for project Zynq_termprj ****
make pre-build main-build 
a9-linaro-pre-build-step
' '
make: Nothing to be done for 'main-build'.
13:19:35 **** Auto Build of configuration Debug for project Zynq_termprj ****
make pre-build main-build 
a9-linaro-pre-build-step
' '
'Building file: ../src/game.c'
'Invoking: ARM v7 gcc compiler'
arm-none-eabi-gcc -Wall -O0 -g3 -c -fmessage-length=0 -MT"src/game.o" -mcpu=cortex-a9 -mfpu=vfpv3 -mfloat-abi=hard -I../../Zynq_termprj_bsp/ps7_cortexa9_0/include -MMD -MP -MF"src/game.d" -MT"src/game.o" -o "src/game.o" "../src/game.c"
'Finished building: ../src/game.c'
' '
'Building target: Zynq_termprj.elf'
'Invoking: ARM v7 gcc linker'
arm-none-eabi-gcc -mcpu=cortex-a9 -mfpu=vfpv3 -mfloat-abi=hard -Wl,-build-id=none -specs=Xilinx.spec -Wl,-T -Wl,../src/lscript.ld -L../../Zynq_termprj_bsp/ps7_cortexa9_0/lib -o "Zynq_termprj.elf"  ./src/game.o ./src/graphics.o ./src/io.o ./src/main.o ./src/memoryfunc.o   -Wl,--start-group,-lxil,-lgcc,-lc,--end-group
'Finished building target: Zynq_termprj.elf'
' '
'Invoking: ARM v7 Print Size'
arm-none-eabi-size Zynq_termprj.elf  |tee "Zynq_termprj.elf.size"
   text	   data	    bss	    dec	    hex	filename
  46020	   2056	  26104	  74180	  121c4	Zynq_termprj.elf
'Finished building: Zynq_termprj.elf.size'
' '
13:19:37 **** Incremental Build of configuration Debug for project Zynq_termprj ****
make pre-build main-build 
a9-linaro-pre-build-step
' '
make: Nothing to be done for 'main-build'.
13:29:11 **** Incremental Build of configuration Debug for project Zynq_termprj ****
make pre-build main-build 
a9-linaro-pre-build-step
' '
'Building file: ../src/game.c'
'Invoking: ARM v7 gcc compiler'
arm-none-eabi-gcc -Wall -O0 -g3 -c -fmessage-length=0 -MT"src/game.o" -mcpu=cortex-a9 -mfpu=vfpv3 -mfloat-abi=hard -I../../Zynq_termprj_bsp/ps7_cortexa9_0/include -MMD -MP -MF"src/game.d" -MT"src/game.o" -o "src/game.o" "../src/game.c"
../src/game.c: In function 'maingame':
../src/game.c:402:5: error: expected '}' before 'else'
     else actionCntr = 0;
     ^~~~
make: *** [src/subdir.mk:35: src/game.o] Error 1
13:29:28 **** Auto Build of configuration Debug for project Zynq_termprj ****
make pre-build main-build 
a9-linaro-pre-build-step
' '
'Building file: ../src/game.c'
'Invoking: ARM v7 gcc compiler'
arm-none-eabi-gcc -Wall -O0 -g3 -c -fmessage-length=0 -MT"src/game.o" -mcpu=cortex-a9 -mfpu=vfpv3 -mfloat-abi=hard -I../../Zynq_termprj_bsp/ps7_cortexa9_0/include -MMD -MP -MF"src/game.d" -MT"src/game.o" -o "src/game.o" "../src/game.c"
'Finished building: ../src/game.c'
' '
'Building target: Zynq_termprj.elf'
'Invoking: ARM v7 gcc linker'
arm-none-eabi-gcc -mcpu=cortex-a9 -mfpu=vfpv3 -mfloat-abi=hard -Wl,-build-id=none -specs=Xilinx.spec -Wl,-T -Wl,../src/lscript.ld -L../../Zynq_termprj_bsp/ps7_cortexa9_0/lib -o "Zynq_termprj.elf"  ./src/game.o ./src/graphics.o ./src/io.o ./src/main.o ./src/memoryfunc.o   -Wl,--start-group,-lxil,-lgcc,-lc,--end-group
'Finished building target: Zynq_termprj.elf'
' '
'Invoking: ARM v7 Print Size'
arm-none-eabi-size Zynq_termprj.elf  |tee "Zynq_termprj.elf.size"
   text	   data	    bss	    dec	    hex	filename
  46268	   2056	  26104	  74428	  122bc	Zynq_termprj.elf
'Finished building: Zynq_termprj.elf.size'
' '
13:29:32 **** Incremental Build of configuration Debug for project Zynq_termprj ****
make pre-build main-build 
a9-linaro-pre-build-step
' '
make: Nothing to be done for 'main-build'.
13:30:32 **** Auto Build of configuration Debug for project Zynq_termprj ****
make pre-build main-build 
a9-linaro-pre-build-step
' '
'Building file: ../src/game.c'
'Invoking: ARM v7 gcc compiler'
arm-none-eabi-gcc -Wall -O0 -g3 -c -fmessage-length=0 -MT"src/game.o" -mcpu=cortex-a9 -mfpu=vfpv3 -mfloat-abi=hard -I../../Zynq_termprj_bsp/ps7_cortexa9_0/include -MMD -MP -MF"src/game.d" -MT"src/game.o" -o "src/game.o" "../src/game.c"
'Finished building: ../src/game.c'
' '
'Building target: Zynq_termprj.elf'
'Invoking: ARM v7 gcc linker'
arm-none-eabi-gcc -mcpu=cortex-a9 -mfpu=vfpv3 -mfloat-abi=hard -Wl,-build-id=none -specs=Xilinx.spec -Wl,-T -Wl,../src/lscript.ld -L../../Zynq_termprj_bsp/ps7_cortexa9_0/lib -o "Zynq_termprj.elf"  ./src/game.o ./src/graphics.o ./src/io.o ./src/main.o ./src/memoryfunc.o   -Wl,--start-group,-lxil,-lgcc,-lc,--end-group
'Finished building target: Zynq_termprj.elf'
' '
'Invoking: ARM v7 Print Size'
arm-none-eabi-size Zynq_termprj.elf  |tee "Zynq_termprj.elf.size"
   text	   data	    bss	    dec	    hex	filename
  46268	   2056	  26104	  74428	  122bc	Zynq_termprj.elf
'Finished building: Zynq_termprj.elf.size'
' '
13:30:35 **** Incremental Build of configuration Debug for project Zynq_termprj ****
make pre-build main-build 
a9-linaro-pre-build-step
' '
make: Nothing to be done for 'main-build'.
13:32:33 **** Incremental Build of configuration Debug for project Zynq_termprj ****
make pre-build main-build 
a9-linaro-pre-build-step
' '
'Building file: ../src/game.c'
'Invoking: ARM v7 gcc compiler'
arm-none-eabi-gcc -Wall -O0 -g3 -c -fmessage-length=0 -MT"src/game.o" -mcpu=cortex-a9 -mfpu=vfpv3 -mfloat-abi=hard -I../../Zynq_termprj_bsp/ps7_cortexa9_0/include -MMD -MP -MF"src/game.d" -MT"src/game.o" -o "src/game.o" "../src/game.c"
'Finished building: ../src/game.c'
' '
'Building target: Zynq_termprj.elf'
'Invoking: ARM v7 gcc linker'
arm-none-eabi-gcc -mcpu=cortex-a9 -mfpu=vfpv3 -mfloat-abi=hard -Wl,-build-id=none -specs=Xilinx.spec -Wl,-T -Wl,../src/lscript.ld -L../../Zynq_termprj_bsp/ps7_cortexa9_0/lib -o "Zynq_termprj.elf"  ./src/game.o ./src/graphics.o ./src/io.o ./src/main.o ./src/memoryfunc.o   -Wl,--start-group,-lxil,-lgcc,-lc,--end-group
'Finished building target: Zynq_termprj.elf'
' '
'Invoking: ARM v7 Print Size'
arm-none-eabi-size Zynq_termprj.elf  |tee "Zynq_termprj.elf.size"
   text	   data	    bss	    dec	    hex	filename
  45724	   2056	  26104	  73884	  1209c	Zynq_termprj.elf
'Finished building: Zynq_termprj.elf.size'
' '
13:39:52 **** Auto Build of configuration Debug for project Zynq_termprj ****
make pre-build main-build 
a9-linaro-pre-build-step
' '
'Building file: ../src/game.c'
'Invoking: ARM v7 gcc compiler'
arm-none-eabi-gcc -Wall -O0 -g3 -c -fmessage-length=0 -MT"src/game.o" -mcpu=cortex-a9 -mfpu=vfpv3 -mfloat-abi=hard -I../../Zynq_termprj_bsp/ps7_cortexa9_0/include -MMD -MP -MF"src/game.d" -MT"src/game.o" -o "src/game.o" "../src/game.c"
'Finished building: ../src/game.c'
' '
'Building target: Zynq_termprj.elf'
'Invoking: ARM v7 gcc linker'
arm-none-eabi-gcc -mcpu=cortex-a9 -mfpu=vfpv3 -mfloat-abi=hard -Wl,-build-id=none -specs=Xilinx.spec -Wl,-T -Wl,../src/lscript.ld -L../../Zynq_termprj_bsp/ps7_cortexa9_0/lib -o "Zynq_termprj.elf"  ./src/game.o ./src/graphics.o ./src/io.o ./src/main.o ./src/memoryfunc.o   -Wl,--start-group,-lxil,-lgcc,-lc,--end-group
'Finished building target: Zynq_termprj.elf'
' '
'Invoking: ARM v7 Print Size'
arm-none-eabi-size Zynq_termprj.elf  |tee "Zynq_termprj.elf.size"
   text	   data	    bss	    dec	    hex	filename
  83416	   3496	  26848	 113760	  1bc60	Zynq_termprj.elf
'Finished building: Zynq_termprj.elf.size'
' '
13:39:53 **** Incremental Build of configuration Debug for project Zynq_termprj ****
make pre-build main-build 
a9-linaro-pre-build-step
' '
make: Nothing to be done for 'main-build'.
14:02:46 **** Incremental Build of configuration Debug for project Zynq_termprj ****
make pre-build main-build 
a9-linaro-pre-build-step
' '
'Building file: ../src/game.c'
'Invoking: ARM v7 gcc compiler'
arm-none-eabi-gcc -Wall -O0 -g3 -c -fmessage-length=0 -MT"src/game.o" -mcpu=cortex-a9 -mfpu=vfpv3 -mfloat-abi=hard -I../../Zynq_termprj_bsp/ps7_cortexa9_0/include -MMD -MP -MF"src/game.d" -MT"src/game.o" -o "src/game.o" "../src/game.c"
'Finished building: ../src/game.c'
' '
'Building file: ../src/graphics.c'
'Invoking: ARM v7 gcc compiler'
arm-none-eabi-gcc -Wall -O0 -g3 -c -fmessage-length=0 -MT"src/graphics.o" -mcpu=cortex-a9 -mfpu=vfpv3 -mfloat-abi=hard -I../../Zynq_termprj_bsp/ps7_cortexa9_0/include -MMD -MP -MF"src/graphics.d" -MT"src/graphics.o" -o "src/graphics.o" "../src/graphics.c"
../src/graphics.c:13:21: warning: 'explosion_pal' initialized and declared 'extern'
 extern unsigned int explosion_pal[16] = {
                     ^~~~~~~~~~~~~
../src/graphics.c:17:5: error: expected '}' before numeric constant
     0x00FFFFFF, 0x00FFFFFF, 0x00FFFFFF, 0x00FFFFFF
     ^~~~~~~~~~
../src/graphics.c:13:41: note: to match this '{'
 extern unsigned int explosion_pal[16] = {
                                         ^
../src/graphics.c:20:19: warning: 'explosion0' initialized and declared 'extern'
 extern const char explosion0[128]  = {
                   ^~~~~~~~~~
../src/graphics.c:31:19: warning: 'explosion1' initialized and declared 'extern'
 extern const char explosion1[128]  = {
                   ^~~~~~~~~~
../src/graphics.c:42:19: warning: 'explosion2' initialized and declared 'extern'
 extern const char explosion2[128]  = {
                   ^~~~~~~~~~
../src/graphics.c:53:19: warning: 'explosion3' initialized and declared 'extern'
 extern const char explosion3[128]  = {
                   ^~~~~~~~~~
../src/graphics.c:64:19: warning: 'explosion4' initialized and declared 'extern'
 extern const char explosion4[128]  = {
                   ^~~~~~~~~~
../src/graphics.c:81:19: warning: 'missle' initialized and declared 'extern'
 extern const char missle[64]  = {
                   ^~~~~~
../src/graphics.c:95:21: warning: 'ship_pal' initialized and declared 'extern'
 extern unsigned int ship_pal[16] = {
                     ^~~~~~~~
../src/graphics.c:103:27: warning: 'ship_fire_dynamic_pal' initialized and declared 'extern'
 extern const unsigned int ship_fire_dynamic_pal[16] = {
                           ^~~~~~~~~~~~~~~~~~~~~
../src/graphics.c:111:19: warning: 'shipu' initialized and declared 'extern'
 extern const char shipu[128]  = {
                   ^~~~~
../src/graphics.c:122:19: warning: 'shipd' initialized and declared 'extern'
 extern const char shipd[128] = {
                   ^~~~~
../src/graphics.c:137:21: warning: 'title_pal' initialized and declared 'extern'
 extern unsigned int title_pal[16] = {
                     ^~~~~~~~~
../src/graphics.c:144:19: warning: 'title0' initialized and declared 'extern'
 extern const char title0[2048]  = {
                   ^~~~~~
../src/graphics.c:275:19: warning: 'title1' initialized and declared 'extern'
 extern const char title1[]  = {
                   ^~~~~~
../src/graphics.c:406:19: warning: 'title2' initialized and declared 'extern'
 extern const char title2[]  = {
                   ^~~~~~
../src/graphics.c:537:19: warning: 'title3' initialized and declared 'extern'
 extern const char title3[]  = {
                   ^~~~~~
../src/graphics.c:672:27: warning: 'ene1_pal' initialized and declared 'extern'
 extern const unsigned int ene1_pal[16] = {
                           ^~~~~~~~
../src/graphics.c:679:19: warning: 'ene1_0' initialized and declared 'extern'
 extern const char ene1_0[128]  = {
                   ^~~~~~
../src/graphics.c:690:19: warning: 'ene1_1' initialized and declared 'extern'
 extern const char ene1_1[128]  = {
                   ^~~~~~
../src/graphics.c:708:27: warning: 'ene2_pal' initialized and declared 'extern'
 extern const unsigned int ene2_pal[16] = {
                           ^~~~~~~~
../src/graphics.c:715:19: warning: 'ene2_0' initialized and declared 'extern'
 extern const char ene2_0[]  = {
                   ^~~~~~
../src/graphics.c:726:19: warning: 'ene2_1' initialized and declared 'extern'
 extern const char ene2_1[]  = {
                   ^~~~~~
../src/graphics.c:743:27: warning: 'ene3_pal' initialized and declared 'extern'
 extern const unsigned int ene3_pal[16] = {
                           ^~~~~~~~
../src/graphics.c:750:19: warning: 'ene3_0' initialized and declared 'extern'
 extern const char ene3_0[128] = {
                   ^~~~~~
../src/graphics.c:761:19: warning: 'ene3_1' initialized and declared 'extern'
 extern const char ene3_1[] = {
                   ^~~~~~
../src/graphics.c:778:27: warning: 'sun_pal' initialized and declared 'extern'
 extern const unsigned int sun_pal[16] = {
                           ^~~~~~~
../src/graphics.c:785:19: warning: 'sun' initialized and declared 'extern'
 extern const char sun[2048] = {
                   ^~~
make: *** [src/subdir.mk:35: src/graphics.o] Error 1
14:03:13 **** Auto Build of configuration Debug for project Zynq_termprj ****
make pre-build main-build 
a9-linaro-pre-build-step
' '
'Building file: ../src/graphics.c'
'Invoking: ARM v7 gcc compiler'
arm-none-eabi-gcc -Wall -O0 -g3 -c -fmessage-length=0 -MT"src/graphics.o" -mcpu=cortex-a9 -mfpu=vfpv3 -mfloat-abi=hard -I../../Zynq_termprj_bsp/ps7_cortexa9_0/include -MMD -MP -MF"src/graphics.d" -MT"src/graphics.o" -o "src/graphics.o" "../src/graphics.c"
../src/graphics.c:13:21: warning: 'explosion_pal' initialized and declared 'extern'
 extern unsigned int explosion_pal[16] = {
                     ^~~~~~~~~~~~~
../src/graphics.c:20:19: warning: 'explosion0' initialized and declared 'extern'
 extern const char explosion0[128]  = {
                   ^~~~~~~~~~
../src/graphics.c:31:19: warning: 'explosion1' initialized and declared 'extern'
 extern const char explosion1[128]  = {
                   ^~~~~~~~~~
../src/graphics.c:42:19: warning: 'explosion2' initialized and declared 'extern'
 extern const char explosion2[128]  = {
                   ^~~~~~~~~~
../src/graphics.c:53:19: warning: 'explosion3' initialized and declared 'extern'
 extern const char explosion3[128]  = {
                   ^~~~~~~~~~
../src/graphics.c:64:19: warning: 'explosion4' initialized and declared 'extern'
 extern const char explosion4[128]  = {
                   ^~~~~~~~~~
../src/graphics.c:81:19: warning: 'missle' initialized and declared 'extern'
 extern const char missle[64]  = {
                   ^~~~~~
../src/graphics.c:95:21: warning: 'ship_pal' initialized and declared 'extern'
 extern unsigned int ship_pal[16] = {
                     ^~~~~~~~
../src/graphics.c:103:27: warning: 'ship_fire_dynamic_pal' initialized and declared 'extern'
 extern const unsigned int ship_fire_dynamic_pal[16] = {
                           ^~~~~~~~~~~~~~~~~~~~~
../src/graphics.c:111:19: warning: 'shipu' initialized and declared 'extern'
 extern const char shipu[128]  = {
                   ^~~~~
../src/graphics.c:122:19: warning: 'shipd' initialized and declared 'extern'
 extern const char shipd[128] = {
                   ^~~~~
../src/graphics.c:137:21: warning: 'title_pal' initialized and declared 'extern'
 extern unsigned int title_pal[16] = {
                     ^~~~~~~~~
../src/graphics.c:144:19: warning: 'title0' initialized and declared 'extern'
 extern const char title0[2048]  = {
                   ^~~~~~
../src/graphics.c:275:19: warning: 'title1' initialized and declared 'extern'
 extern const char title1[]  = {
                   ^~~~~~
../src/graphics.c:406:19: warning: 'title2' initialized and declared 'extern'
 extern const char title2[]  = {
                   ^~~~~~
../src/graphics.c:537:19: warning: 'title3' initialized and declared 'extern'
 extern const char title3[]  = {
                   ^~~~~~
../src/graphics.c:672:27: warning: 'ene1_pal' initialized and declared 'extern'
 extern const unsigned int ene1_pal[16] = {
                           ^~~~~~~~
../src/graphics.c:679:19: warning: 'ene1_0' initialized and declared 'extern'
 extern const char ene1_0[128]  = {
                   ^~~~~~
../src/graphics.c:690:19: warning: 'ene1_1' initialized and declared 'extern'
 extern const char ene1_1[128]  = {
                   ^~~~~~
../src/graphics.c:708:27: warning: 'ene2_pal' initialized and declared 'extern'
 extern const unsigned int ene2_pal[16] = {
                           ^~~~~~~~
../src/graphics.c:715:19: warning: 'ene2_0' initialized and declared 'extern'
 extern const char ene2_0[]  = {
                   ^~~~~~
../src/graphics.c:726:19: warning: 'ene2_1' initialized and declared 'extern'
 extern const char ene2_1[]  = {
                   ^~~~~~
../src/graphics.c:743:27: warning: 'ene3_pal' initialized and declared 'extern'
 extern const unsigned int ene3_pal[16] = {
                           ^~~~~~~~
../src/graphics.c:750:19: warning: 'ene3_0' initialized and declared 'extern'
 extern const char ene3_0[128] = {
                   ^~~~~~
../src/graphics.c:761:19: warning: 'ene3_1' initialized and declared 'extern'
 extern const char ene3_1[] = {
                   ^~~~~~
../src/graphics.c:778:27: warning: 'sun_pal' initialized and declared 'extern'
 extern const unsigned int sun_pal[16] = {
                           ^~~~~~~
../src/graphics.c:785:19: warning: 'sun' initialized and declared 'extern'
 extern const char sun[2048] = {
                   ^~~
'Finished building: ../src/graphics.c'
' '
'Building file: ../src/main.c'
'Invoking: ARM v7 gcc compiler'
arm-none-eabi-gcc -Wall -O0 -g3 -c -fmessage-length=0 -MT"src/main.o" -mcpu=cortex-a9 -mfpu=vfpv3 -mfloat-abi=hard -I../../Zynq_termprj_bsp/ps7_cortexa9_0/include -MMD -MP -MF"src/main.d" -MT"src/main.o" -o "src/main.o" "../src/main.c"
../src/main.c: In function 'main':
../src/main.c:70:21: warning: unused variable 'j' [-Wunused-variable]
     unsigned int i, j;
                     ^
'Finished building: ../src/main.c'
' '
'Building target: Zynq_termprj.elf'
'Invoking: ARM v7 gcc linker'
arm-none-eabi-gcc -mcpu=cortex-a9 -mfpu=vfpv3 -mfloat-abi=hard -Wl,-build-id=none -specs=Xilinx.spec -Wl,-T -Wl,../src/lscript.ld -L../../Zynq_termprj_bsp/ps7_cortexa9_0/lib -o "Zynq_termprj.elf"  ./src/game.o ./src/graphics.o ./src/io.o ./src/main.o ./src/memoryfunc.o   -Wl,--start-group,-lxil,-lgcc,-lc,--end-group
'Finished building target: Zynq_termprj.elf'
' '
'Invoking: ARM v7 Print Size'
arm-none-eabi-size Zynq_termprj.elf  |tee "Zynq_termprj.elf.size"
   text	   data	    bss	    dec	    hex	filename
  46552	   2120	  26104	  74776	  12418	Zynq_termprj.elf
'Finished building: Zynq_termprj.elf.size'
' '
14:11:26 **** Auto Build of configuration Debug for project Zynq_termprj ****
make pre-build main-build 
a9-linaro-pre-build-step
' '
'Building file: ../src/game.c'
'Invoking: ARM v7 gcc compiler'
arm-none-eabi-gcc -Wall -O0 -g3 -c -fmessage-length=0 -MT"src/game.o" -mcpu=cortex-a9 -mfpu=vfpv3 -mfloat-abi=hard -I../../Zynq_termprj_bsp/ps7_cortexa9_0/include -MMD -MP -MF"src/game.d" -MT"src/game.o" -o "src/game.o" "../src/game.c"
'Finished building: ../src/game.c'
' '
'Building target: Zynq_termprj.elf'
'Invoking: ARM v7 gcc linker'
arm-none-eabi-gcc -mcpu=cortex-a9 -mfpu=vfpv3 -mfloat-abi=hard -Wl,-build-id=none -specs=Xilinx.spec -Wl,-T -Wl,../src/lscript.ld -L../../Zynq_termprj_bsp/ps7_cortexa9_0/lib -o "Zynq_termprj.elf"  ./src/game.o ./src/graphics.o ./src/io.o ./src/main.o ./src/memoryfunc.o   -Wl,--start-group,-lxil,-lgcc,-lc,--end-group
'Finished building target: Zynq_termprj.elf'
' '
'Invoking: ARM v7 Print Size'
arm-none-eabi-size Zynq_termprj.elf  |tee "Zynq_termprj.elf.size"
   text	   data	    bss	    dec	    hex	filename
  47068	   2120	  26104	  75292	  1261c	Zynq_termprj.elf
'Finished building: Zynq_termprj.elf.size'
' '
14:11:29 **** Incremental Build of configuration Debug for project Zynq_termprj ****
make pre-build main-build 
a9-linaro-pre-build-step
' '
make: Nothing to be done for 'main-build'.
14:12:13 **** Incremental Build of configuration Debug for project Zynq_termprj ****
make pre-build main-build 
a9-linaro-pre-build-step
' '
'Building file: ../src/game.c'
'Invoking: ARM v7 gcc compiler'
arm-none-eabi-gcc -Wall -O0 -g3 -c -fmessage-length=0 -MT"src/game.o" -mcpu=cortex-a9 -mfpu=vfpv3 -mfloat-abi=hard -I../../Zynq_termprj_bsp/ps7_cortexa9_0/include -MMD -MP -MF"src/game.d" -MT"src/game.o" -o "src/game.o" "../src/game.c"
'Finished building: ../src/game.c'
' '
'Building target: Zynq_termprj.elf'
'Invoking: ARM v7 gcc linker'
arm-none-eabi-gcc -mcpu=cortex-a9 -mfpu=vfpv3 -mfloat-abi=hard -Wl,-build-id=none -specs=Xilinx.spec -Wl,-T -Wl,../src/lscript.ld -L../../Zynq_termprj_bsp/ps7_cortexa9_0/lib -o "Zynq_termprj.elf"  ./src/game.o ./src/graphics.o ./src/io.o ./src/main.o ./src/memoryfunc.o   -Wl,--start-group,-lxil,-lgcc,-lc,--end-group
'Finished building target: Zynq_termprj.elf'
' '
'Invoking: ARM v7 Print Size'
arm-none-eabi-size Zynq_termprj.elf  |tee "Zynq_termprj.elf.size"
   text	   data	    bss	    dec	    hex	filename
  46552	   2120	  26104	  74776	  12418	Zynq_termprj.elf
'Finished building: Zynq_termprj.elf.size'
' '
14:13:16 **** Auto Build of configuration Debug for project Zynq_termprj ****
make pre-build main-build 
a9-linaro-pre-build-step
' '
'Building file: ../src/game.c'
'Invoking: ARM v7 gcc compiler'
arm-none-eabi-gcc -Wall -O0 -g3 -c -fmessage-length=0 -MT"src/game.o" -mcpu=cortex-a9 -mfpu=vfpv3 -mfloat-abi=hard -I../../Zynq_termprj_bsp/ps7_cortexa9_0/include -MMD -MP -MF"src/game.d" -MT"src/game.o" -o "src/game.o" "../src/game.c"
../src/game.c: In function 'maingame':
../src/game.c:350:46: error: expected expression before ')' token
             if(enemyList[i*48 + j*6] == 1 && ) {
                                              ^
make: *** [src/subdir.mk:35: src/game.o] Error 1
14:13:34 **** Auto Build of configuration Debug for project Zynq_termprj ****
make pre-build main-build 
a9-linaro-pre-build-step
' '
'Building file: ../src/game.c'
'Invoking: ARM v7 gcc compiler'
arm-none-eabi-gcc -Wall -O0 -g3 -c -fmessage-length=0 -MT"src/game.o" -mcpu=cortex-a9 -mfpu=vfpv3 -mfloat-abi=hard -I../../Zynq_termprj_bsp/ps7_cortexa9_0/include -MMD -MP -MF"src/game.d" -MT"src/game.o" -o "src/game.o" "../src/game.c"
'Finished building: ../src/game.c'
' '
'Building target: Zynq_termprj.elf'
'Invoking: ARM v7 gcc linker'
arm-none-eabi-gcc -mcpu=cortex-a9 -mfpu=vfpv3 -mfloat-abi=hard -Wl,-build-id=none -specs=Xilinx.spec -Wl,-T -Wl,../src/lscript.ld -L../../Zynq_termprj_bsp/ps7_cortexa9_0/lib -o "Zynq_termprj.elf"  ./src/game.o ./src/graphics.o ./src/io.o ./src/main.o ./src/memoryfunc.o   -Wl,--start-group,-lxil,-lgcc,-lc,--end-group
'Finished building target: Zynq_termprj.elf'
' '
'Invoking: ARM v7 Print Size'
arm-none-eabi-size Zynq_termprj.elf  |tee "Zynq_termprj.elf.size"
   text	   data	    bss	    dec	    hex	filename
  47064	   2120	  26104	  75288	  12618	Zynq_termprj.elf
'Finished building: Zynq_termprj.elf.size'
' '
14:13:36 **** Incremental Build of configuration Debug for project Zynq_termprj ****
make pre-build main-build 
a9-linaro-pre-build-step
' '
make: Nothing to be done for 'main-build'.
14:17:16 **** Incremental Build of configuration Debug for project Zynq_termprj ****
make pre-build main-build 
a9-linaro-pre-build-step
' '
'Building file: ../src/game.c'
'Invoking: ARM v7 gcc compiler'
arm-none-eabi-gcc -Wall -O0 -g3 -c -fmessage-length=0 -MT"src/game.o" -mcpu=cortex-a9 -mfpu=vfpv3 -mfloat-abi=hard -I../../Zynq_termprj_bsp/ps7_cortexa9_0/include -MMD -MP -MF"src/game.d" -MT"src/game.o" -o "src/game.o" "../src/game.c"
'Finished building: ../src/game.c'
' '
'Building file: ../src/main.c'
'Invoking: ARM v7 gcc compiler'
arm-none-eabi-gcc -Wall -O0 -g3 -c -fmessage-length=0 -MT"src/main.o" -mcpu=cortex-a9 -mfpu=vfpv3 -mfloat-abi=hard -I../../Zynq_termprj_bsp/ps7_cortexa9_0/include -MMD -MP -MF"src/main.d" -MT"src/main.o" -o "src/main.o" "../src/main.c"
../src/main.c: In function 'main':
../src/main.c:70:21: warning: unused variable 'j' [-Wunused-variable]
     unsigned int i, j;
                     ^
'Finished building: ../src/main.c'
' '
'Building target: Zynq_termprj.elf'
'Invoking: ARM v7 gcc linker'
arm-none-eabi-gcc -mcpu=cortex-a9 -mfpu=vfpv3 -mfloat-abi=hard -Wl,-build-id=none -specs=Xilinx.spec -Wl,-T -Wl,../src/lscript.ld -L../../Zynq_termprj_bsp/ps7_cortexa9_0/lib -o "Zynq_termprj.elf"  ./src/game.o ./src/graphics.o ./src/io.o ./src/main.o ./src/memoryfunc.o   -Wl,--start-group,-lxil,-lgcc,-lc,--end-group
'Finished building target: Zynq_termprj.elf'
' '
'Invoking: ARM v7 Print Size'
arm-none-eabi-size Zynq_termprj.elf  |tee "Zynq_termprj.elf.size"
   text	   data	    bss	    dec	    hex	filename
  47068	   2120	  26104	  75292	  1261c	Zynq_termprj.elf
'Finished building: Zynq_termprj.elf.size'
' '
14:19:19 **** Incremental Build of configuration Debug for project Zynq_termprj ****
make pre-build main-build 
a9-linaro-pre-build-step
' '
make: Nothing to be done for 'main-build'.
14:25:10 **** Auto Build of configuration Debug for project Zynq_termprj ****
make pre-build main-build 
a9-linaro-pre-build-step
' '
'Building file: ../src/game.c'
'Invoking: ARM v7 gcc compiler'
arm-none-eabi-gcc -Wall -O0 -g3 -c -fmessage-length=0 -MT"src/game.o" -mcpu=cortex-a9 -mfpu=vfpv3 -mfloat-abi=hard -I../../Zynq_termprj_bsp/ps7_cortexa9_0/include -MMD -MP -MF"src/game.d" -MT"src/game.o" -o "src/game.o" "../src/game.c"
'Finished building: ../src/game.c'
' '
'Building target: Zynq_termprj.elf'
'Invoking: ARM v7 gcc linker'
arm-none-eabi-gcc -mcpu=cortex-a9 -mfpu=vfpv3 -mfloat-abi=hard -Wl,-build-id=none -specs=Xilinx.spec -Wl,-T -Wl,../src/lscript.ld -L../../Zynq_termprj_bsp/ps7_cortexa9_0/lib -o "Zynq_termprj.elf"  ./src/game.o ./src/graphics.o ./src/io.o ./src/main.o ./src/memoryfunc.o   -Wl,--start-group,-lxil,-lgcc,-lc,--end-group
'Finished building target: Zynq_termprj.elf'
' '
'Invoking: ARM v7 Print Size'
arm-none-eabi-size Zynq_termprj.elf  |tee "Zynq_termprj.elf.size"
   text	   data	    bss	    dec	    hex	filename
  47332	   2120	  26104	  75556	  12724	Zynq_termprj.elf
'Finished building: Zynq_termprj.elf.size'
' '
14:25:13 **** Incremental Build of configuration Debug for project Zynq_termprj ****
make pre-build main-build 
a9-linaro-pre-build-step
' '
make: Nothing to be done for 'main-build'.
14:33:24 **** Incremental Build of configuration Debug for project Zynq_termprj ****
make pre-build main-build 
a9-linaro-pre-build-step
' '
'Building file: ../src/game.c'
'Invoking: ARM v7 gcc compiler'
arm-none-eabi-gcc -Wall -O0 -g3 -c -fmessage-length=0 -MT"src/game.o" -mcpu=cortex-a9 -mfpu=vfpv3 -mfloat-abi=hard -I../../Zynq_termprj_bsp/ps7_cortexa9_0/include -MMD -MP -MF"src/game.d" -MT"src/game.o" -o "src/game.o" "../src/game.c"
'Finished building: ../src/game.c'
' '
'Building target: Zynq_termprj.elf'
'Invoking: ARM v7 gcc linker'
arm-none-eabi-gcc -mcpu=cortex-a9 -mfpu=vfpv3 -mfloat-abi=hard -Wl,-build-id=none -specs=Xilinx.spec -Wl,-T -Wl,../src/lscript.ld -L../../Zynq_termprj_bsp/ps7_cortexa9_0/lib -o "Zynq_termprj.elf"  ./src/game.o ./src/graphics.o ./src/io.o ./src/main.o ./src/memoryfunc.o   -Wl,--start-group,-lxil,-lgcc,-lc,--end-group
'Finished building target: Zynq_termprj.elf'
' '
'Invoking: ARM v7 Print Size'
arm-none-eabi-size Zynq_termprj.elf  |tee "Zynq_termprj.elf.size"
   text	   data	    bss	    dec	    hex	filename
  47332	   2120	  26104	  75556	  12724	Zynq_termprj.elf
'Finished building: Zynq_termprj.elf.size'
' '
14:38:13 **** Auto Build of configuration Debug for project Zynq_termprj ****
make pre-build main-build 
a9-linaro-pre-build-step
' '
'Building file: ../src/game.c'
'Invoking: ARM v7 gcc compiler'
arm-none-eabi-gcc -Wall -O0 -g3 -c -fmessage-length=0 -MT"src/game.o" -mcpu=cortex-a9 -mfpu=vfpv3 -mfloat-abi=hard -I../../Zynq_termprj_bsp/ps7_cortexa9_0/include -MMD -MP -MF"src/game.d" -MT"src/game.o" -o "src/game.o" "../src/game.c"
../src/game.c: In function 'maingame':
../src/game.c:390:25: warning: unused variable 'explosionObjCode' [-Wunused-variable]
                     int explosionObjCode = 0x100;
                         ^~~~~~~~~~~~~~~~
'Finished building: ../src/game.c'
' '
'Building target: Zynq_termprj.elf'
'Invoking: ARM v7 gcc linker'
arm-none-eabi-gcc -mcpu=cortex-a9 -mfpu=vfpv3 -mfloat-abi=hard -Wl,-build-id=none -specs=Xilinx.spec -Wl,-T -Wl,../src/lscript.ld -L../../Zynq_termprj_bsp/ps7_cortexa9_0/lib -o "Zynq_termprj.elf"  ./src/game.o ./src/graphics.o ./src/io.o ./src/main.o ./src/memoryfunc.o   -Wl,--start-group,-lxil,-lgcc,-lc,--end-group
'Finished building target: Zynq_termprj.elf'
' '
'Invoking: ARM v7 Print Size'
arm-none-eabi-size Zynq_termprj.elf  |tee "Zynq_termprj.elf.size"
   text	   data	    bss	    dec	    hex	filename
  47340	   2120	  26104	  75564	  1272c	Zynq_termprj.elf
'Finished building: Zynq_termprj.elf.size'
' '
14:38:15 **** Incremental Build of configuration Debug for project Zynq_termprj ****
make pre-build main-build 
a9-linaro-pre-build-step
' '
make: Nothing to be done for 'main-build'.
14:43:02 **** Auto Build of configuration Debug for project Zynq_termprj ****
make pre-build main-build 
a9-linaro-pre-build-step
' '
'Building file: ../src/game.c'
'Invoking: ARM v7 gcc compiler'
arm-none-eabi-gcc -Wall -O0 -g3 -c -fmessage-length=0 -MT"src/game.o" -mcpu=cortex-a9 -mfpu=vfpv3 -mfloat-abi=hard -I../../Zynq_termprj_bsp/ps7_cortexa9_0/include -MMD -MP -MF"src/game.d" -MT"src/game.o" -o "src/game.o" "../src/game.c"
'Finished building: ../src/game.c'
' '
'Building target: Zynq_termprj.elf'
'Invoking: ARM v7 gcc linker'
arm-none-eabi-gcc -mcpu=cortex-a9 -mfpu=vfpv3 -mfloat-abi=hard -Wl,-build-id=none -specs=Xilinx.spec -Wl,-T -Wl,../src/lscript.ld -L../../Zynq_termprj_bsp/ps7_cortexa9_0/lib -o "Zynq_termprj.elf"  ./src/game.o ./src/graphics.o ./src/io.o ./src/main.o ./src/memoryfunc.o   -Wl,--start-group,-lxil,-lgcc,-lc,--end-group
'Finished building target: Zynq_termprj.elf'
' '
'Invoking: ARM v7 Print Size'
arm-none-eabi-size Zynq_termprj.elf  |tee "Zynq_termprj.elf.size"
   text	   data	    bss	    dec	    hex	filename
  47520	   2120	  26104	  75744	  127e0	Zynq_termprj.elf
'Finished building: Zynq_termprj.elf.size'
' '
14:43:06 **** Incremental Build of configuration Debug for project Zynq_termprj ****
make pre-build main-build 
a9-linaro-pre-build-step
' '
make: Nothing to be done for 'main-build'.
14:44:06 **** Incremental Build of configuration Debug for project Zynq_termprj ****
make pre-build main-build 
a9-linaro-pre-build-step
' '
'Building file: ../src/game.c'
'Invoking: ARM v7 gcc compiler'
arm-none-eabi-gcc -Wall -O0 -g3 -c -fmessage-length=0 -MT"src/game.o" -mcpu=cortex-a9 -mfpu=vfpv3 -mfloat-abi=hard -I../../Zynq_termprj_bsp/ps7_cortexa9_0/include -MMD -MP -MF"src/game.d" -MT"src/game.o" -o "src/game.o" "../src/game.c"
'Finished building: ../src/game.c'
' '
'Building target: Zynq_termprj.elf'
'Invoking: ARM v7 gcc linker'
arm-none-eabi-gcc -mcpu=cortex-a9 -mfpu=vfpv3 -mfloat-abi=hard -Wl,-build-id=none -specs=Xilinx.spec -Wl,-T -Wl,../src/lscript.ld -L../../Zynq_termprj_bsp/ps7_cortexa9_0/lib -o "Zynq_termprj.elf"  ./src/game.o ./src/graphics.o ./src/io.o ./src/main.o ./src/memoryfunc.o   -Wl,--start-group,-lxil,-lgcc,-lc,--end-group
'Finished building target: Zynq_termprj.elf'
' '
'Invoking: ARM v7 Print Size'
arm-none-eabi-size Zynq_termprj.elf  |tee "Zynq_termprj.elf.size"
   text	   data	    bss	    dec	    hex	filename
  47520	   2120	  26104	  75744	  127e0	Zynq_termprj.elf
'Finished building: Zynq_termprj.elf.size'
' '
14:46:19 **** Incremental Build of configuration Debug for project Zynq_termprj ****
make pre-build main-build 
a9-linaro-pre-build-step
' '
'Building file: ../src/game.c'
'Invoking: ARM v7 gcc compiler'
arm-none-eabi-gcc -Wall -O0 -g3 -c -fmessage-length=0 -MT"src/game.o" -mcpu=cortex-a9 -mfpu=vfpv3 -mfloat-abi=hard -I../../Zynq_termprj_bsp/ps7_cortexa9_0/include -MMD -MP -MF"src/game.d" -MT"src/game.o" -o "src/game.o" "../src/game.c"
'Finished building: ../src/game.c'
' '
'Building target: Zynq_termprj.elf'
'Invoking: ARM v7 gcc linker'
arm-none-eabi-gcc -mcpu=cortex-a9 -mfpu=vfpv3 -mfloat-abi=hard -Wl,-build-id=none -specs=Xilinx.spec -Wl,-T -Wl,../src/lscript.ld -L../../Zynq_termprj_bsp/ps7_cortexa9_0/lib -o "Zynq_termprj.elf"  ./src/game.o ./src/graphics.o ./src/io.o ./src/main.o ./src/memoryfunc.o   -Wl,--start-group,-lxil,-lgcc,-lc,--end-group
'Finished building target: Zynq_termprj.elf'
' '
'Invoking: ARM v7 Print Size'
arm-none-eabi-size Zynq_termprj.elf  |tee "Zynq_termprj.elf.size"
   text	   data	    bss	    dec	    hex	filename
  47400	   2120	  26104	  75624	  12768	Zynq_termprj.elf
'Finished building: Zynq_termprj.elf.size'
' '
14:47:53 **** Incremental Build of configuration Debug for project Zynq_termprj ****
make pre-build main-build 
a9-linaro-pre-build-step
' '
'Building file: ../src/game.c'
'Invoking: ARM v7 gcc compiler'
arm-none-eabi-gcc -Wall -O0 -g3 -c -fmessage-length=0 -MT"src/game.o" -mcpu=cortex-a9 -mfpu=vfpv3 -mfloat-abi=hard -I../../Zynq_termprj_bsp/ps7_cortexa9_0/include -MMD -MP -MF"src/game.d" -MT"src/game.o" -o "src/game.o" "../src/game.c"
'Finished building: ../src/game.c'
' '
'Building target: Zynq_termprj.elf'
'Invoking: ARM v7 gcc linker'
arm-none-eabi-gcc -mcpu=cortex-a9 -mfpu=vfpv3 -mfloat-abi=hard -Wl,-build-id=none -specs=Xilinx.spec -Wl,-T -Wl,../src/lscript.ld -L../../Zynq_termprj_bsp/ps7_cortexa9_0/lib -o "Zynq_termprj.elf"  ./src/game.o ./src/graphics.o ./src/io.o ./src/main.o ./src/memoryfunc.o   -Wl,--start-group,-lxil,-lgcc,-lc,--end-group
'Finished building target: Zynq_termprj.elf'
' '
'Invoking: ARM v7 Print Size'
arm-none-eabi-size Zynq_termprj.elf  |tee "Zynq_termprj.elf.size"
   text	   data	    bss	    dec	    hex	filename
  85080	   3560	  26848	 115488	  1c320	Zynq_termprj.elf
'Finished building: Zynq_termprj.elf.size'
' '
14:48:36 **** Incremental Build of configuration Debug for project Zynq_termprj ****
make pre-build main-build 
a9-linaro-pre-build-step
' '
'Building file: ../src/game.c'
'Invoking: ARM v7 gcc compiler'
arm-none-eabi-gcc -Wall -O0 -g3 -c -fmessage-length=0 -MT"src/game.o" -mcpu=cortex-a9 -mfpu=vfpv3 -mfloat-abi=hard -I../../Zynq_termprj_bsp/ps7_cortexa9_0/include -MMD -MP -MF"src/game.d" -MT"src/game.o" -o "src/game.o" "../src/game.c"
'Finished building: ../src/game.c'
' '
'Building target: Zynq_termprj.elf'
'Invoking: ARM v7 gcc linker'
arm-none-eabi-gcc -mcpu=cortex-a9 -mfpu=vfpv3 -mfloat-abi=hard -Wl,-build-id=none -specs=Xilinx.spec -Wl,-T -Wl,../src/lscript.ld -L../../Zynq_termprj_bsp/ps7_cortexa9_0/lib -o "Zynq_termprj.elf"  ./src/game.o ./src/graphics.o ./src/io.o ./src/main.o ./src/memoryfunc.o   -Wl,--start-group,-lxil,-lgcc,-lc,--end-group
'Finished building target: Zynq_termprj.elf'
' '
'Invoking: ARM v7 Print Size'
arm-none-eabi-size Zynq_termprj.elf  |tee "Zynq_termprj.elf.size"
   text	   data	    bss	    dec	    hex	filename
  85080	   3560	  26848	 115488	  1c320	Zynq_termprj.elf
'Finished building: Zynq_termprj.elf.size'
' '
14:51:26 **** Auto Build of configuration Debug for project Zynq_termprj ****
make pre-build main-build 
a9-linaro-pre-build-step
' '
'Building file: ../src/game.c'
'Invoking: ARM v7 gcc compiler'
arm-none-eabi-gcc -Wall -O0 -g3 -c -fmessage-length=0 -MT"src/game.o" -mcpu=cortex-a9 -mfpu=vfpv3 -mfloat-abi=hard -I../../Zynq_termprj_bsp/ps7_cortexa9_0/include -MMD -MP -MF"src/game.d" -MT"src/game.o" -o "src/game.o" "../src/game.c"
'Finished building: ../src/game.c'
' '
'Building target: Zynq_termprj.elf'
'Invoking: ARM v7 gcc linker'
arm-none-eabi-gcc -mcpu=cortex-a9 -mfpu=vfpv3 -mfloat-abi=hard -Wl,-build-id=none -specs=Xilinx.spec -Wl,-T -Wl,../src/lscript.ld -L../../Zynq_termprj_bsp/ps7_cortexa9_0/lib -o "Zynq_termprj.elf"  ./src/game.o ./src/graphics.o ./src/io.o ./src/main.o ./src/memoryfunc.o   -Wl,--start-group,-lxil,-lgcc,-lc,--end-group
'Finished building target: Zynq_termprj.elf'
' '
'Invoking: ARM v7 Print Size'
arm-none-eabi-size Zynq_termprj.elf  |tee "Zynq_termprj.elf.size"
   text	   data	    bss	    dec	    hex	filename
  85144	   3560	  26848	 115552	  1c360	Zynq_termprj.elf
'Finished building: Zynq_termprj.elf.size'
' '
14:51:28 **** Incremental Build of configuration Debug for project Zynq_termprj ****
make pre-build main-build 
a9-linaro-pre-build-step
' '
make: Nothing to be done for 'main-build'.
22:34:36 **** Incremental Build of configuration Debug for project Zynq_termprj ****
make pre-build main-build 
a9-linaro-pre-build-step
' '
'Building file: ../src/game.c'
'Invoking: ARM v7 gcc compiler'
arm-none-eabi-gcc -Wall -O0 -g3 -c -fmessage-length=0 -MT"src/game.o" -mcpu=cortex-a9 -mfpu=vfpv3 -mfloat-abi=hard -I../../Zynq_termprj_bsp/ps7_cortexa9_0/include -MMD -MP -MF"src/game.d" -MT"src/game.o" -o "src/game.o" "../src/game.c"
'Finished building: ../src/game.c'
' '
'Building target: Zynq_termprj.elf'
'Invoking: ARM v7 gcc linker'
arm-none-eabi-gcc -mcpu=cortex-a9 -mfpu=vfpv3 -mfloat-abi=hard -Wl,-build-id=none -specs=Xilinx.spec -Wl,-T -Wl,../src/lscript.ld -L../../Zynq_termprj_bsp/ps7_cortexa9_0/lib -o "Zynq_termprj.elf"  ./src/game.o ./src/graphics.o ./src/io.o ./src/main.o ./src/memoryfunc.o   -Wl,--start-group,-lxil,-lgcc,-lc,--end-group
'Finished building target: Zynq_termprj.elf'
' '
'Invoking: ARM v7 Print Size'
arm-none-eabi-size Zynq_termprj.elf  |tee "Zynq_termprj.elf.size"
   text	   data	    bss	    dec	    hex	filename
  85144	   3560	  26848	 115552	  1c360	Zynq_termprj.elf
'Finished building: Zynq_termprj.elf.size'
' '
22:36:09 **** Incremental Build of configuration Debug for project Zynq_termprj ****
make pre-build main-build 
a9-linaro-pre-build-step
' '
'Building file: ../src/game.c'
'Invoking: ARM v7 gcc compiler'
arm-none-eabi-gcc -Wall -O0 -g3 -c -fmessage-length=0 -MT"src/game.o" -mcpu=cortex-a9 -mfpu=vfpv3 -mfloat-abi=hard -I../../Zynq_termprj_bsp/ps7_cortexa9_0/include -MMD -MP -MF"src/game.d" -MT"src/game.o" -o "src/game.o" "../src/game.c"
'Finished building: ../src/game.c'
' '
'Building target: Zynq_termprj.elf'
'Invoking: ARM v7 gcc linker'
arm-none-eabi-gcc -mcpu=cortex-a9 -mfpu=vfpv3 -mfloat-abi=hard -Wl,-build-id=none -specs=Xilinx.spec -Wl,-T -Wl,../src/lscript.ld -L../../Zynq_termprj_bsp/ps7_cortexa9_0/lib -o "Zynq_termprj.elf"  ./src/game.o ./src/graphics.o ./src/io.o ./src/main.o ./src/memoryfunc.o   -Wl,--start-group,-lxil,-lgcc,-lc,--end-group
'Finished building target: Zynq_termprj.elf'
' '
'Invoking: ARM v7 Print Size'
arm-none-eabi-size Zynq_termprj.elf  |tee "Zynq_termprj.elf.size"
   text	   data	    bss	    dec	    hex	filename
  85144	   3560	  26848	 115552	  1c360	Zynq_termprj.elf
'Finished building: Zynq_termprj.elf.size'
' '
22:38:06 **** Incremental Build of configuration Debug for project Zynq_termprj ****
make pre-build main-build 
a9-linaro-pre-build-step
' '
'Building file: ../src/game.c'
'Invoking: ARM v7 gcc compiler'
arm-none-eabi-gcc -Wall -O0 -g3 -c -fmessage-length=0 -MT"src/game.o" -mcpu=cortex-a9 -mfpu=vfpv3 -mfloat-abi=hard -I../../Zynq_termprj_bsp/ps7_cortexa9_0/include -MMD -MP -MF"src/game.d" -MT"src/game.o" -o "src/game.o" "../src/game.c"
'Finished building: ../src/game.c'
' '
'Building target: Zynq_termprj.elf'
'Invoking: ARM v7 gcc linker'
arm-none-eabi-gcc -mcpu=cortex-a9 -mfpu=vfpv3 -mfloat-abi=hard -Wl,-build-id=none -specs=Xilinx.spec -Wl,-T -Wl,../src/lscript.ld -L../../Zynq_termprj_bsp/ps7_cortexa9_0/lib -o "Zynq_termprj.elf"  ./src/game.o ./src/graphics.o ./src/io.o ./src/main.o ./src/memoryfunc.o   -Wl,--start-group,-lxil,-lgcc,-lc,--end-group
'Finished building target: Zynq_termprj.elf'
' '
'Invoking: ARM v7 Print Size'
arm-none-eabi-size Zynq_termprj.elf  |tee "Zynq_termprj.elf.size"
   text	   data	    bss	    dec	    hex	filename
  85144	   3560	  26848	 115552	  1c360	Zynq_termprj.elf
'Finished building: Zynq_termprj.elf.size'
' '
22:39:26 **** Auto Build of configuration Debug for project Zynq_termprj ****
make pre-build main-build 
a9-linaro-pre-build-step
' '
'Building file: ../src/game.c'
'Invoking: ARM v7 gcc compiler'
arm-none-eabi-gcc -Wall -O0 -g3 -c -fmessage-length=0 -MT"src/game.o" -mcpu=cortex-a9 -mfpu=vfpv3 -mfloat-abi=hard -I../../Zynq_termprj_bsp/ps7_cortexa9_0/include -MMD -MP -MF"src/game.d" -MT"src/game.o" -o "src/game.o" "../src/game.c"
'Finished building: ../src/game.c'
' '
'Building target: Zynq_termprj.elf'
'Invoking: ARM v7 gcc linker'
arm-none-eabi-gcc -mcpu=cortex-a9 -mfpu=vfpv3 -mfloat-abi=hard -Wl,-build-id=none -specs=Xilinx.spec -Wl,-T -Wl,../src/lscript.ld -L../../Zynq_termprj_bsp/ps7_cortexa9_0/lib -o "Zynq_termprj.elf"  ./src/game.o ./src/graphics.o ./src/io.o ./src/main.o ./src/memoryfunc.o   -Wl,--start-group,-lxil,-lgcc,-lc,--end-group
'Finished building target: Zynq_termprj.elf'
' '
'Invoking: ARM v7 Print Size'
arm-none-eabi-size Zynq_termprj.elf  |tee "Zynq_termprj.elf.size"
   text	   data	    bss	    dec	    hex	filename
  85144	   3560	  26848	 115552	  1c360	Zynq_termprj.elf
'Finished building: Zynq_termprj.elf.size'
' '
22:39:29 **** Incremental Build of configuration Debug for project Zynq_termprj ****
make pre-build main-build 
a9-linaro-pre-build-step
' '
make: Nothing to be done for 'main-build'.
22:41:01 **** Incremental Build of configuration Debug for project Zynq_termprj ****
make pre-build main-build 
a9-linaro-pre-build-step
' '
make: Nothing to be done for 'main-build'.
23:16:51 **** Auto Build of configuration Debug for project Zynq_termprj ****
make pre-build main-build 
a9-linaro-pre-build-step
' '
'Building file: ../src/game.c'
'Invoking: ARM v7 gcc compiler'
arm-none-eabi-gcc -Wall -O0 -g3 -c -fmessage-length=0 -MT"src/game.o" -mcpu=cortex-a9 -mfpu=vfpv3 -mfloat-abi=hard -I../../Zynq_termprj_bsp/ps7_cortexa9_0/include -MMD -MP -MF"src/game.d" -MT"src/game.o" -o "src/game.o" "../src/game.c"
'Finished building: ../src/game.c'
' '
'Building target: Zynq_termprj.elf'
'Invoking: ARM v7 gcc linker'
arm-none-eabi-gcc -mcpu=cortex-a9 -mfpu=vfpv3 -mfloat-abi=hard -Wl,-build-id=none -specs=Xilinx.spec -Wl,-T -Wl,../src/lscript.ld -L../../Zynq_termprj_bsp/ps7_cortexa9_0/lib -o "Zynq_termprj.elf"  ./src/game.o ./src/graphics.o ./src/io.o ./src/main.o ./src/memoryfunc.o   -Wl,--start-group,-lxil,-lgcc,-lc,--end-group
'Finished building target: Zynq_termprj.elf'
' '
'Invoking: ARM v7 Print Size'
arm-none-eabi-size Zynq_termprj.elf  |tee "Zynq_termprj.elf.size"
   text	   data	    bss	    dec	    hex	filename
  48176	   2120	  26104	  76400	  12a70	Zynq_termprj.elf
'Finished building: Zynq_termprj.elf.size'
' '
23:16:55 **** Incremental Build of configuration Debug for project Zynq_termprj ****
make pre-build main-build 
a9-linaro-pre-build-step
' '
make: Nothing to be done for 'main-build'.
23:25:51 **** Incremental Build of configuration Debug for project Zynq_termprj ****
make pre-build main-build 
a9-linaro-pre-build-step
' '
'Building file: ../src/game.c'
'Invoking: ARM v7 gcc compiler'
arm-none-eabi-gcc -Wall -O0 -g3 -c -fmessage-length=0 -MT"src/game.o" -mcpu=cortex-a9 -mfpu=vfpv3 -mfloat-abi=hard -I../../Zynq_termprj_bsp/ps7_cortexa9_0/include -MMD -MP -MF"src/game.d" -MT"src/game.o" -o "src/game.o" "../src/game.c"
'Finished building: ../src/game.c'
' '
'Building target: Zynq_termprj.elf'
'Invoking: ARM v7 gcc linker'
arm-none-eabi-gcc -mcpu=cortex-a9 -mfpu=vfpv3 -mfloat-abi=hard -Wl,-build-id=none -specs=Xilinx.spec -Wl,-T -Wl,../src/lscript.ld -L../../Zynq_termprj_bsp/ps7_cortexa9_0/lib -o "Zynq_termprj.elf"  ./src/game.o ./src/graphics.o ./src/io.o ./src/main.o ./src/memoryfunc.o   -Wl,--start-group,-lxil,-lgcc,-lc,--end-group
'Finished building target: Zynq_termprj.elf'
' '
'Invoking: ARM v7 Print Size'
arm-none-eabi-size Zynq_termprj.elf  |tee "Zynq_termprj.elf.size"
   text	   data	    bss	    dec	    hex	filename
  48176	   2120	  26104	  76400	  12a70	Zynq_termprj.elf
'Finished building: Zynq_termprj.elf.size'
' '
23:58:16 **** Incremental Build of configuration Debug for project Zynq_termprj ****
make pre-build main-build 
a9-linaro-pre-build-step
' '
'Building file: ../src/game.c'
'Invoking: ARM v7 gcc compiler'
arm-none-eabi-gcc -Wall -O0 -g3 -c -fmessage-length=0 -MT"src/game.o" -mcpu=cortex-a9 -mfpu=vfpv3 -mfloat-abi=hard -I../../Zynq_termprj_bsp/ps7_cortexa9_0/include -MMD -MP -MF"src/game.d" -MT"src/game.o" -o "src/game.o" "../src/game.c"
'Finished building: ../src/game.c'
' '
'Building target: Zynq_termprj.elf'
'Invoking: ARM v7 gcc linker'
[...]
"Running Make include in ps7_cortexa9_0/libsrc/sdps_v3_7/src"
make -C ps7_cortexa9_0/libsrc/sdps_v3_7/src -s include  "SHELL=CMD" "COMPILER=arm-none-eabi-gcc" "ARCHIVER=arm-none-eabi-ar" "COMPILER_FLAGS=  -O2 -c" "EXTRA_COMPILER_FLAGS=-mcpu=cortex-a9 -mfpu=vfpv3 -mfloat-abi=hard -nostartfiles -g -Wall -Wextra"
"Running Make include in ps7_cortexa9_0/libsrc/standalone_v7_0/src"
make -C ps7_cortexa9_0/libsrc/standalone_v7_0/src -s include  "SHELL=CMD" "COMPILER=arm-none-eabi-gcc" "ARCHIVER=arm-none-eabi-ar" "COMPILER_FLAGS=  -O2 -c" "EXTRA_COMPILER_FLAGS=-mcpu=cortex-a9 -mfpu=vfpv3 -mfloat-abi=hard -nostartfiles -g -Wall -Wextra"
"Running Make include in ps7_cortexa9_0/libsrc/uartps_v3_7/src"
make -C ps7_cortexa9_0/libsrc/uartps_v3_7/src -s include  "SHELL=CMD" "COMPILER=arm-none-eabi-gcc" "ARCHIVER=arm-none-eabi-ar" "COMPILER_FLAGS=  -O2 -c" "EXTRA_COMPILER_FLAGS=-mcpu=cortex-a9 -mfpu=vfpv3 -mfloat-abi=hard -nostartfiles -g -Wall -Wextra"
"Running Make include in ps7_cortexa9_0/libsrc/usbps_v2_4/src"
make -C ps7_cortexa9_0/libsrc/usbps_v2_4/src -s include  "SHELL=CMD" "COMPILER=arm-none-eabi-gcc" "ARCHIVER=arm-none-eabi-ar" "COMPILER_FLAGS=  -O2 -c" "EXTRA_COMPILER_FLAGS=-mcpu=cortex-a9 -mfpu=vfpv3 -mfloat-abi=hard -nostartfiles -g -Wall -Wextra"
"Running Make include in ps7_cortexa9_0/libsrc/xadcps_v2_3/src"
make -C ps7_cortexa9_0/libsrc/xadcps_v2_3/src -s include  "SHELL=CMD" "COMPILER=arm-none-eabi-gcc" "ARCHIVER=arm-none-eabi-ar" "COMPILER_FLAGS=  -O2 -c" "EXTRA_COMPILER_FLAGS=-mcpu=cortex-a9 -mfpu=vfpv3 -mfloat-abi=hard -nostartfiles -g -Wall -Wextra"
"Running Make libs in ps7_cortexa9_0/libsrc/bridgeio_v1_0/src"
make -C ps7_cortexa9_0/libsrc/bridgeio_v1_0/src -s libs  "SHELL=CMD" "COMPILER=arm-none-eabi-gcc" "ARCHIVER=arm-none-eabi-ar" "COMPILER_FLAGS=  -O2 -c" "EXTRA_COMPILER_FLAGS=-mcpu=cortex-a9 -mfpu=vfpv3 -mfloat-abi=hard -nostartfiles -g -Wall -Wextra"
"Compiling bridgeio..."
bridgeio_selftest.c: In function 'BRIDGEIO_Reg_SelfTest':
bridgeio_selftest.c:52:57: warning: comparison of integer expressions of different signedness: 'u32' {aka 'long unsigned int'} and 'int' [-Wsign-compare]
    if ( BRIDGEIO_mReadReg (baseaddr, read_loop_index*4) != (read_loop_index+1)*READ_WRITE_MUL_FACTOR){
                                                         ^~
bridgeio_selftest.c:36:6: warning: unused variable 'Index' [-Wunused-variable]
  int Index;
      ^~~~~
arm-none-eabi-ar: creating ../../../lib/libxil.a
"Running Make libs in ps7_cortexa9_0/libsrc/coresightps_dcc_v1_5/src"
make -C ps7_cortexa9_0/libsrc/coresightps_dcc_v1_5/src -s libs  "SHELL=CMD" "COMPILER=arm-none-eabi-gcc" "ARCHIVER=arm-none-eabi-ar" "COMPILER_FLAGS=  -O2 -c" "EXTRA_COMPILER_FLAGS=-mcpu=cortex-a9 -mfpu=vfpv3 -mfloat-abi=hard -nostartfiles -g -Wall -Wextra"
"Compiling coresightps_dcc"
"Running Make libs in ps7_cortexa9_0/libsrc/cpu_cortexa9_v2_7/src"
make -C ps7_cortexa9_0/libsrc/cpu_cortexa9_v2_7/src -s libs  "SHELL=CMD" "COMPILER=arm-none-eabi-gcc" "ARCHIVER=arm-none-eabi-ar" "COMPILER_FLAGS=  -O2 -c" "EXTRA_COMPILER_FLAGS=-mcpu=cortex-a9 -mfpu=vfpv3 -mfloat-abi=hard -nostartfiles -g -Wall -Wextra"
"Compiling cpu_cortexa9"
"Running Make libs in ps7_cortexa9_0/libsrc/ddrps_v1_0/src"
make -C ps7_cortexa9_0/libsrc/ddrps_v1_0/src -s libs  "SHELL=CMD" "COMPILER=arm-none-eabi-gcc" "ARCHIVER=arm-none-eabi-ar" "COMPILER_FLAGS=  -O2 -c" "EXTRA_COMPILER_FLAGS=-mcpu=cortex-a9 -mfpu=vfpv3 -mfloat-abi=hard -nostartfiles -g -Wall -Wextra"
"Compiling ddrps"
"Running Make libs in ps7_cortexa9_0/libsrc/devcfg_v3_5/src"
make -C ps7_cortexa9_0/libsrc/devcfg_v3_5/src -s libs  "SHELL=CMD" "COMPILER=arm-none-eabi-gcc" "ARCHIVER=arm-none-eabi-ar" "COMPILER_FLAGS=  -O2 -c" "EXTRA_COMPILER_FLAGS=-mcpu=cortex-a9 -mfpu=vfpv3 -mfloat-abi=hard -nostartfiles -g -Wall -Wextra"
"Compiling devcfg"
"Running Make libs in ps7_cortexa9_0/libsrc/dmaps_v2_4/src"
make -C ps7_cortexa9_0/libsrc/dmaps_v2_4/src -s libs  "SHELL=CMD" "COMPILER=arm-none-eabi-gcc" "ARCHIVER=arm-none-eabi-ar" "COMPILER_FLAGS=  -O2 -c" "EXTRA_COMPILER_FLAGS=-mcpu=cortex-a9 -mfpu=vfpv3 -mfloat-abi=hard -nostartfiles -g -Wall -Wextra"
"Compiling dmaps"
"Running Make libs in ps7_cortexa9_0/libsrc/emacps_v3_9/src"
make -C ps7_cortexa9_0/libsrc/emacps_v3_9/src -s libs  "SHELL=CMD" "COMPILER=arm-none-eabi-gcc" "ARCHIVER=arm-none-eabi-ar" "COMPILER_FLAGS=  -O2 -c" "EXTRA_COMPILER_FLAGS=-mcpu=cortex-a9 -mfpu=vfpv3 -mfloat-abi=hard -nostartfiles -g -Wall -Wextra"
"Compiling emacps"
"Running Make libs in ps7_cortexa9_0/libsrc/gpiops_v3_5/src"
make -C ps7_cortexa9_0/libsrc/gpiops_v3_5/src -s libs  "SHELL=CMD" "COMPILER=arm-none-eabi-gcc" "ARCHIVER=arm-none-eabi-ar" "COMPILER_FLAGS=  -O2 -c" "EXTRA_COMPILER_FLAGS=-mcpu=cortex-a9 -mfpu=vfpv3 -mfloat-abi=hard -nostartfiles -g -Wall -Wextra"
"Compiling gpiops"
"Running Make libs in ps7_cortexa9_0/libsrc/gpio_v4_4/src"
make -C ps7_cortexa9_0/libsrc/gpio_v4_4/src -s libs  "SHELL=CMD" "COMPILER=arm-none-eabi-gcc" "ARCHIVER=arm-none-eabi-ar" "COMPILER_FLAGS=  -O2 -c" "EXTRA_COMPILER_FLAGS=-mcpu=cortex-a9 -mfpu=vfpv3 -mfloat-abi=hard -nostartfiles -g -Wall -Wextra"
"Compiling gpio"
"Running Make libs in ps7_cortexa9_0/libsrc/qspips_v3_6/src"
make -C ps7_cortexa9_0/libsrc/qspips_v3_6/src -s libs  "SHELL=CMD" "COMPILER=arm-none-eabi-gcc" "ARCHIVER=arm-none-eabi-ar" "COMPILER_FLAGS=  -O2 -c" "EXTRA_COMPILER_FLAGS=-mcpu=cortex-a9 -mfpu=vfpv3 -mfloat-abi=hard -nostartfiles -g -Wall -Wextra"
"Compiling qspips"
"Running Make libs in ps7_cortexa9_0/libsrc/rotaryio_v1_0/src"
make -C ps7_cortexa9_0/libsrc/rotaryio_v1_0/src -s libs  "SHELL=CMD" "COMPILER=arm-none-eabi-gcc" "ARCHIVER=arm-none-eabi-ar" "COMPILER_FLAGS=  -O2 -c" "EXTRA_COMPILER_FLAGS=-mcpu=cortex-a9 -mfpu=vfpv3 -mfloat-abi=hard -nostartfiles -g -Wall -Wextra"
"Compiling rotaryio..."
rotaryio_selftest.c: In function 'ROTARYIO_Reg_SelfTest':
rotaryio_selftest.c:52:57: warning: comparison of integer expressions of different signedness: 'u32' {aka 'long unsigned int'} and 'int' [-Wsign-compare]
    if ( ROTARYIO_mReadReg (baseaddr, read_loop_index*4) != (read_loop_index+1)*READ_WRITE_MUL_FACTOR){
                                                         ^~
rotaryio_selftest.c:36:6: warning: unused variable 'Index' [-Wunused-variable]
  int Index;
      ^~~~~
"Running Make libs in ps7_cortexa9_0/libsrc/scugic_v4_0/src"
make -C ps7_cortexa9_0/libsrc/scugic_v4_0/src -s libs  "SHELL=CMD" "COMPILER=arm-none-eabi-gcc" "ARCHIVER=arm-none-eabi-ar" "COMPILER_FLAGS=  -O2 -c" "EXTRA_COMPILER_FLAGS=-mcpu=cortex-a9 -mfpu=vfpv3 -mfloat-abi=hard -nostartfiles -g -Wall -Wextra"
"Compiling scugic"
"Running Make libs in ps7_cortexa9_0/libsrc/scutimer_v2_1/src"
make -C ps7_cortexa9_0/libsrc/scutimer_v2_1/src -s libs  "SHELL=CMD" "COMPILER=arm-none-eabi-gcc" "ARCHIVER=arm-none-eabi-ar" "COMPILER_FLAGS=  -O2 -c" "EXTRA_COMPILER_FLAGS=-mcpu=cortex-a9 -mfpu=vfpv3 -mfloat-abi=hard -nostartfiles -g -Wall -Wextra"
"Compiling scutimer"
"Running Make libs in ps7_cortexa9_0/libsrc/scuwdt_v2_1/src"
make -C ps7_cortexa9_0/libsrc/scuwdt_v2_1/src -s libs  "SHELL=CMD" "COMPILER=arm-none-eabi-gcc" "ARCHIVER=arm-none-eabi-ar" "COMPILER_FLAGS=  -O2 -c" "EXTRA_COMPILER_FLAGS=-mcpu=cortex-a9 -mfpu=vfpv3 -mfloat-abi=hard -nostartfiles -g -Wall -Wextra"
"Compiling scuwdt"
"Running Make libs in ps7_cortexa9_0/libsrc/sdps_v3_7/src"
make -C ps7_cortexa9_0/libsrc/sdps_v3_7/src -s libs  "SHELL=CMD" "COMPILER=arm-none-eabi-gcc" "ARCHIVER=arm-none-eabi-ar" "COMPILER_FLAGS=  -O2 -c" "EXTRA_COMPILER_FLAGS=-mcpu=cortex-a9 -mfpu=vfpv3 -mfloat-abi=hard -nostartfiles -g -Wall -Wextra"
"Compiling sdps"
"Running Make libs in ps7_cortexa9_0/libsrc/standalone_v7_0/src"
make -C ps7_cortexa9_0/libsrc/standalone_v7_0/src -s libs  "SHELL=CMD" "COMPILER=arm-none-eabi-gcc" "ARCHIVER=arm-none-eabi-ar" "COMPILER_FLAGS=  -O2 -c" "EXTRA_COMPILER_FLAGS=-mcpu=cortex-a9 -mfpu=vfpv3 -mfloat-abi=hard -nostartfiles -g -Wall -Wextra"
"Compiling standalone"
In file included from usleep.c:56:
xtime_l.h:87:9: note: #pragma message: For the sleep routines, Global timer is being used
 #pragma message ("For the sleep routines, Global timer is being used")
         ^~~~~~~
In file included from xil_sleeptimer.c:51:
xtime_l.h:87:9: note: #pragma message: For the sleep routines, Global timer is being used
 #pragma message ("For the sleep routines, Global timer is being used")
         ^~~~~~~
In file included from xtime_l.c:49:
xtime_l.h:87:9: note: #pragma message: For the sleep routines, Global timer is being used
 #pragma message ("For the sleep routines, Global timer is being used")
         ^~~~~~~
In file included from sleep.c:53:
xtime_l.h:87:9: note: #pragma message: For the sleep routines, Global timer is being used
 #pragma message ("For the sleep routines, Global timer is being used")
         ^~~~~~~
"Running Make libs in ps7_cortexa9_0/libsrc/uartps_v3_7/src"
make -C ps7_cortexa9_0/libsrc/uartps_v3_7/src -s libs  "SHELL=CMD" "COMPILER=arm-none-eabi-gcc" "ARCHIVER=arm-none-eabi-ar" "COMPILER_FLAGS=  -O2 -c" "EXTRA_COMPILER_FLAGS=-mcpu=cortex-a9 -mfpu=vfpv3 -mfloat-abi=hard -nostartfiles -g -Wall -Wextra"
"Compiling uartps"
"Running Make libs in ps7_cortexa9_0/libsrc/usbps_v2_4/src"
make -C ps7_cortexa9_0/libsrc/usbps_v2_4/src -s libs  "SHELL=CMD" "COMPILER=arm-none-eabi-gcc" "ARCHIVER=arm-none-eabi-ar" "COMPILER_FLAGS=  -O2 -c" "EXTRA_COMPILER_FLAGS=-mcpu=cortex-a9 -mfpu=vfpv3 -mfloat-abi=hard -nostartfiles -g -Wall -Wextra"
"Compiling usbps"
"Running Make libs in ps7_cortexa9_0/libsrc/xadcps_v2_3/src"
make -C ps7_cortexa9_0/libsrc/xadcps_v2_3/src -s libs  "SHELL=CMD" "COMPILER=arm-none-eabi-gcc" "ARCHIVER=arm-none-eabi-ar" "COMPILER_FLAGS=  -O2 -c" "EXTRA_COMPILER_FLAGS=-mcpu=cortex-a9 -mfpu=vfpv3 -mfloat-abi=hard -nostartfiles -g -Wall -Wextra"
"Compiling xadcps"
'Finished building libraries'
21:27:36 **** Build of configuration Debug for project Zynq_termprj ****
make pre-build main-build 
a9-linaro-pre-build-step
' '
'Building file: ../src/game.c'
'Invoking: ARM v7 gcc compiler'
arm-none-eabi-gcc -Wall -O0 -g3 -c -fmessage-length=0 -MT"src/game.o" -mcpu=cortex-a9 -mfpu=vfpv3 -mfloat-abi=hard -I../../Zynq_termprj_bsp/ps7_cortexa9_0/include -MMD -MP -MF"src/game.d" -MT"src/game.o" -o "src/game.o" "../src/game.c"
'Finished building: ../src/game.c'
' '
'Building file: ../src/graphics.c'
'Invoking: ARM v7 gcc compiler'
arm-none-eabi-gcc -Wall -O0 -g3 -c -fmessage-length=0 -MT"src/graphics.o" -mcpu=cortex-a9 -mfpu=vfpv3 -mfloat-abi=hard -I../../Zynq_termprj_bsp/ps7_cortexa9_0/include -MMD -MP -MF"src/graphics.d" -MT"src/graphics.o" -o "src/graphics.o" "../src/graphics.c"
../src/graphics.c:13:19: warning: 'text_num' initialized and declared 'extern'
 extern const char text_num[320]  = {
                   ^~~~~~~~
../src/graphics.c:45:19: warning: 'text_eng' initialized and declared 'extern'
 extern const char text_eng[832]  = {
                   ^~~~~~~~
../src/graphics.c:132:21: warning: 'explosion_pal' initialized and declared 'extern'
 extern unsigned int explosion_pal[16] = {
                     ^~~~~~~~~~~~~
../src/graphics.c:139:19: warning: 'explosion0' initialized and declared 'extern'
 extern const char explosion0[128]  = {
                   ^~~~~~~~~~
../src/graphics.c:150:19: warning: 'explosion1' initialized and declared 'extern'
 extern const char explosion1[128]  = {
                   ^~~~~~~~~~
../src/graphics.c:161:19: warning: 'explosion2' initialized and declared 'extern'
 extern const char explosion2[128]  = {
                   ^~~~~~~~~~
../src/graphics.c:172:19: warning: 'explosion3' initialized and declared 'extern'
 extern const char explosion3[128]  = {
                   ^~~~~~~~~~
../src/graphics.c:183:19: warning: 'explosion4' initialized and declared 'extern'
 extern const char explosion4[128]  = {
                   ^~~~~~~~~~
../src/graphics.c:200:19: warning: 'missle' initialized and declared 'extern'
 extern const char missle[64]  = {
                   ^~~~~~
../src/graphics.c:214:21: warning: 'ship_pal' initialized and declared 'extern'
 extern unsigned int ship_pal[16] = {
                     ^~~~~~~~
../src/graphics.c:222:27: warning: 'ship_fire_dynamic_pal' initialized and declared 'extern'
 extern const unsigned int ship_fire_dynamic_pal[16] = {
                           ^~~~~~~~~~~~~~~~~~~~~
../src/graphics.c:230:19: warning: 'shipu' initialized and declared 'extern'
 extern const char shipu[128]  = {
                   ^~~~~
../src/graphics.c:241:19: warning: 'shipd' initialized and declared 'extern'
 extern const char shipd[128] = {
                   ^~~~~
../src/graphics.c:256:21: warning: 'title_pal' initialized and declared 'extern'
 extern unsigned int title_pal[16] = {
                     ^~~~~~~~~
../src/graphics.c:263:19: warning: 'title0' initialized and declared 'extern'
 extern const char title0[2048]  = {
                   ^~~~~~
../src/graphics.c:394:19: warning: 'title1' initialized and declared 'extern'
 extern const char title1[]  = {
                   ^~~~~~
../src/graphics.c:525:19: warning: 'title2' initialized and declared 'extern'
 extern const char title2[]  = {
                   ^~~~~~
../src/graphics.c:656:19: warning: 'title3' initialized and declared 'extern'
 extern const char title3[]  = {
                   ^~~~~~
../src/graphics.c:791:27: warning: 'ene1_pal' initialized and declared 'extern'
 extern const unsigned int ene1_pal[16] = {
                           ^~~~~~~~
../src/graphics.c:798:19: warning: 'ene1_0' initialized and declared 'extern'
 extern const char ene1_0[128]  = {
                   ^~~~~~
../src/graphics.c:809:19: warning: 'ene1_1' initialized and declared 'extern'
 extern const char ene1_1[128]  = {
                   ^~~~~~
../src/graphics.c:827:27: warning: 'ene2_pal' initialized and declared 'extern'
 extern const unsigned int ene2_pal[16] = {
                           ^~~~~~~~
../src/graphics.c:834:19: warning: 'ene2_0' initialized and declared 'extern'
 extern const char ene2_0[]  = {
                   ^~~~~~
../src/graphics.c:845:19: warning: 'ene2_1' initialized and declared 'extern'
 extern const char ene2_1[]  = {
                   ^~~~~~
../src/graphics.c:862:27: warning: 'ene3_pal' initialized and declared 'extern'
 extern const unsigned int ene3_pal[16] = {
                           ^~~~~~~~
../src/graphics.c:869:19: warning: 'ene3_0' initialized and declared 'extern'
 extern const char ene3_0[128] = {
                   ^~~~~~
../src/graphics.c:880:19: warning: 'ene3_1' initialized and declared 'extern'
 extern const char ene3_1[] = {
                   ^~~~~~
../src/graphics.c:897:27: warning: 'sun_pal' initialized and declared 'extern'
 extern const unsigned int sun_pal[16] = {
                           ^~~~~~~
../src/graphics.c:904:19: warning: 'sun' initialized and declared 'extern'
 extern const char sun[2048] = {
                   ^~~
'Finished building: ../src/graphics.c'
' '
'Building file: ../src/io.c'
'Invoking: ARM v7 gcc compiler'
arm-none-eabi-gcc -Wall -O0 -g3 -c -fmessage-length=0 -MT"src/io.o" -mcpu=cortex-a9 -mfpu=vfpv3 -mfloat-abi=hard -I../../Zynq_termprj_bsp/ps7_cortexa9_0/include -MMD -MP -MF"src/io.d" -MT"src/io.o" -o "src/io.o" "../src/io.c"
'Finished building: ../src/io.c'
' '
'Building file: ../src/main.c'
'Invoking: ARM v7 gcc compiler'
arm-none-eabi-gcc -Wall -O0 -g3 -c -fmessage-length=0 -MT"src/main.o" -mcpu=cortex-a9 -mfpu=vfpv3 -mfloat-abi=hard -I../../Zynq_termprj_bsp/ps7_cortexa9_0/include -MMD -MP -MF"src/main.d" -MT"src/main.o" -o "src/main.o" "../src/main.c"
'Finished building: ../src/main.c'
' '
'Building file: ../src/memoryfunc.c'
'Invoking: ARM v7 gcc compiler'
arm-none-eabi-gcc -Wall -O0 -g3 -c -fmessage-length=0 -MT"src/memoryfunc.o" -mcpu=cortex-a9 -mfpu=vfpv3 -mfloat-abi=hard -I../../Zynq_termprj_bsp/ps7_cortexa9_0/include -MMD -MP -MF"src/memoryfunc.d" -MT"src/memoryfunc.o" -o "src/memoryfunc.o" "../src/memoryfunc.c"
../src/memoryfunc.c: In function 'spriteXPosLSBWrite':
../src/memoryfunc.c:253:16: warning: unused variable 'i' [-Wunused-variable]
     int index, i;
                ^
../src/memoryfunc.c: In function 'spriteYPosWrite':
../src/memoryfunc.c:260:16: warning: unused variable 'i' [-Wunused-variable]
     int index, i;
                ^
../src/memoryfunc.c: In function 'spriteCodeLSBWrite':
../src/memoryfunc.c:267:16: warning: unused variable 'i' [-Wunused-variable]
     int index, i;
                ^
'Finished building: ../src/memoryfunc.c'
' '
'Building target: Zynq_termprj.elf'
'Invoking: ARM v7 gcc linker'
arm-none-eabi-gcc -mcpu=cortex-a9 -mfpu=vfpv3 -mfloat-abi=hard -Wl,-build-id=none -specs=Xilinx.spec -Wl,-T -Wl,../src/lscript.ld -L../../Zynq_termprj_bsp/ps7_cortexa9_0/lib -o "Zynq_termprj.elf"  ./src/game.o ./src/graphics.o ./src/io.o ./src/main.o ./src/memoryfunc.o   -Wl,--start-group,-lxil,-lgcc,-lc,--end-group
'Finished building target: Zynq_termprj.elf'
' '
'Invoking: ARM v7 Print Size'
arm-none-eabi-size Zynq_termprj.elf  |tee "Zynq_termprj.elf.size"
   text	   data	    bss	    dec	    hex	filename
  51892	   2120	  26104	  80116	  138f4	Zynq_termprj.elf
'Finished building: Zynq_termprj.elf.size'
' '
21:27:51 **** Incremental Build of configuration Debug for project Zynq_termprj ****
make pre-build main-build 
a9-linaro-pre-build-step
' '
make: Nothing to be done for 'main-build'.
21:32:31 **** Auto Build of configuration Debug for project Zynq_termprj ****
make pre-build main-build 
a9-linaro-pre-build-step
' '
'Building file: ../src/game.c'
'Invoking: ARM v7 gcc compiler'
arm-none-eabi-gcc -Wall -O0 -g3 -c -fmessage-length=0 -MT"src/game.o" -mcpu=cortex-a9 -mfpu=vfpv3 -mfloat-abi=hard -I../../Zynq_termprj_bsp/ps7_cortexa9_0/include -MMD -MP -MF"src/game.d" -MT"src/game.o" -o "src/game.o" "../src/game.c"
'Finished building: ../src/game.c'
' '
'Building target: Zynq_termprj.elf'
'Invoking: ARM v7 gcc linker'
arm-none-eabi-gcc -mcpu=cortex-a9 -mfpu=vfpv3 -mfloat-abi=hard -Wl,-build-id=none -specs=Xilinx.spec -Wl,-T -Wl,../src/lscript.ld -L../../Zynq_termprj_bsp/ps7_cortexa9_0/lib -o "Zynq_termprj.elf"  ./src/game.o ./src/graphics.o ./src/io.o ./src/main.o ./src/memoryfunc.o   -Wl,--start-group,-lxil,-lgcc,-lc,--end-group
'Finished building target: Zynq_termprj.elf'
' '
'Invoking: ARM v7 Print Size'
arm-none-eabi-size Zynq_termprj.elf  |tee "Zynq_termprj.elf.size"
   text	   data	    bss	    dec	    hex	filename
  51960	   2120	  26104	  80184	  13938	Zynq_termprj.elf
'Finished building: Zynq_termprj.elf.size'
' '
21:32:33 **** Incremental Build of configuration Debug for project Zynq_termprj ****
make pre-build main-build 
a9-linaro-pre-build-step
' '
make: Nothing to be done for 'main-build'.
21:36:02 **** Incremental Build of configuration Debug for project Zynq_termprj ****
make pre-build main-build 
a9-linaro-pre-build-step
' '
'Building file: ../src/game.c'
'Invoking: ARM v7 gcc compiler'
arm-none-eabi-gcc -Wall -O0 -g3 -c -fmessage-length=0 -MT"src/game.o" -mcpu=cortex-a9 -mfpu=vfpv3 -mfloat-abi=hard -I../../Zynq_termprj_bsp/ps7_cortexa9_0/include -MMD -MP -MF"src/game.d" -MT"src/game.o" -o "src/game.o" "../src/game.c"
'Finished building: ../src/game.c'
' '
'Building target: Zynq_termprj.elf'
'Invoking: ARM v7 gcc linker'
arm-none-eabi-gcc -mcpu=cortex-a9 -mfpu=vfpv3 -mfloat-abi=hard -Wl,-build-id=none -specs=Xilinx.spec -Wl,-T -Wl,../src/lscript.ld -L../../Zynq_termprj_bsp/ps7_cortexa9_0/lib -o "Zynq_termprj.elf"  ./src/game.o ./src/graphics.o ./src/io.o ./src/main.o ./src/memoryfunc.o   -Wl,--start-group,-lxil,-lgcc,-lc,--end-group
'Finished building target: Zynq_termprj.elf'
' '
'Invoking: ARM v7 Print Size'
arm-none-eabi-size Zynq_termprj.elf  |tee "Zynq_termprj.elf.size"
   text	   data	    bss	    dec	    hex	filename
  52248	   2120	  26104	  80472	  13a58	Zynq_termprj.elf
'Finished building: Zynq_termprj.elf.size'
' '
